Archive member included to satisfy reference by file (symbol)

C:/ST/STM32CubeIDE_1.19.0/STM32CubeIDE/plugins/com.st.stm32cube.ide.mcu.externaltools.gnu-tools-for-stm32.13.3.rel1.win32_1.0.0.202411081344/tools/bin/../lib/gcc/arm-none-eabi/13.3.1/../../../../arm-none-eabi/lib/thumb/v7-m/nofp\libc_nano.a(libc_a-exit.o)
                              C:/ST/STM32CubeIDE_1.19.0/STM32CubeIDE/plugins/com.st.stm32cube.ide.mcu.externaltools.gnu-tools-for-stm32.13.3.rel1.win32_1.0.0.202411081344/tools/bin/../lib/gcc/arm-none-eabi/13.3.1/../../../../arm-none-eabi/lib/thumb/v7-m/nofp/crt0.o (exit)
C:/ST/STM32CubeIDE_1.19.0/STM32CubeIDE/plugins/com.st.stm32cube.ide.mcu.externaltools.gnu-tools-for-stm32.13.3.rel1.win32_1.0.0.202411081344/tools/bin/../lib/gcc/arm-none-eabi/13.3.1/../../../../arm-none-eabi/lib/thumb/v7-m/nofp\libc_nano.a(libc_a-findfp.o)
                              C:/ST/STM32CubeIDE_1.19.0/STM32CubeIDE/plugins/com.st.stm32cube.ide.mcu.externaltools.gnu-tools-for-stm32.13.3.rel1.win32_1.0.0.202411081344/tools/bin/../lib/gcc/arm-none-eabi/13.3.1/../../../../arm-none-eabi/lib/thumb/v7-m/nofp\libc_nano.a(libc_a-exit.o) (__stdio_exit_handler)
C:/ST/STM32CubeIDE_1.19.0/STM32CubeIDE/plugins/com.st.stm32cube.ide.mcu.externaltools.gnu-tools-for-stm32.13.3.rel1.win32_1.0.0.202411081344/tools/bin/../lib/gcc/arm-none-eabi/13.3.1/../../../../arm-none-eabi/lib/thumb/v7-m/nofp\libc_nano.a(libc_a-fwalk.o)
                              C:/ST/STM32CubeIDE_1.19.0/STM32CubeIDE/plugins/com.st.stm32cube.ide.mcu.externaltools.gnu-tools-for-stm32.13.3.rel1.win32_1.0.0.202411081344/tools/bin/../lib/gcc/arm-none-eabi/13.3.1/../../../../arm-none-eabi/lib/thumb/v7-m/nofp\libc_nano.a(libc_a-findfp.o) (_fwalk_sglue)
C:/ST/STM32CubeIDE_1.19.0/STM32CubeIDE/plugins/com.st.stm32cube.ide.mcu.externaltools.gnu-tools-for-stm32.13.3.rel1.win32_1.0.0.202411081344/tools/bin/../lib/gcc/arm-none-eabi/13.3.1/../../../../arm-none-eabi/lib/thumb/v7-m/nofp\libc_nano.a(libc_a-stdio.o)
                              C:/ST/STM32CubeIDE_1.19.0/STM32CubeIDE/plugins/com.st.stm32cube.ide.mcu.externaltools.gnu-tools-for-stm32.13.3.rel1.win32_1.0.0.202411081344/tools/bin/../lib/gcc/arm-none-eabi/13.3.1/../../../../arm-none-eabi/lib/thumb/v7-m/nofp\libc_nano.a(libc_a-findfp.o) (__sread)
C:/ST/STM32CubeIDE_1.19.0/STM32CubeIDE/plugins/com.st.stm32cube.ide.mcu.externaltools.gnu-tools-for-stm32.13.3.rel1.win32_1.0.0.202411081344/tools/bin/../lib/gcc/arm-none-eabi/13.3.1/../../../../arm-none-eabi/lib/thumb/v7-m/nofp\libc_nano.a(libc_a-memset.o)
                              C:/ST/STM32CubeIDE_1.19.0/STM32CubeIDE/plugins/com.st.stm32cube.ide.mcu.externaltools.gnu-tools-for-stm32.13.3.rel1.win32_1.0.0.202411081344/tools/bin/../lib/gcc/arm-none-eabi/13.3.1/../../../../arm-none-eabi/lib/thumb/v7-m/nofp/crt0.o (memset)
C:/ST/STM32CubeIDE_1.19.0/STM32CubeIDE/plugins/com.st.stm32cube.ide.mcu.externaltools.gnu-tools-for-stm32.13.3.rel1.win32_1.0.0.202411081344/tools/bin/../lib/gcc/arm-none-eabi/13.3.1/../../../../arm-none-eabi/lib/thumb/v7-m/nofp\libc_nano.a(libc_a-closer.o)
                              C:/ST/STM32CubeIDE_1.19.0/STM32CubeIDE/plugins/com.st.stm32cube.ide.mcu.externaltools.gnu-tools-for-stm32.13.3.rel1.win32_1.0.0.202411081344/tools/bin/../lib/gcc/arm-none-eabi/13.3.1/../../../../arm-none-eabi/lib/thumb/v7-m/nofp\libc_nano.a(libc_a-stdio.o) (_close_r)
C:/ST/STM32CubeIDE_1.19.0/STM32CubeIDE/plugins/com.st.stm32cube.ide.mcu.externaltools.gnu-tools-for-stm32.13.3.rel1.win32_1.0.0.202411081344/tools/bin/../lib/gcc/arm-none-eabi/13.3.1/../../../../arm-none-eabi/lib/thumb/v7-m/nofp\libc_nano.a(libc_a-reent.o)
                              C:/ST/STM32CubeIDE_1.19.0/STM32CubeIDE/plugins/com.st.stm32cube.ide.mcu.externaltools.gnu-tools-for-stm32.13.3.rel1.win32_1.0.0.202411081344/tools/bin/../lib/gcc/arm-none-eabi/13.3.1/../../../../arm-none-eabi/lib/thumb/v7-m/nofp\libc_nano.a(libc_a-closer.o) (errno)
C:/ST/STM32CubeIDE_1.19.0/STM32CubeIDE/plugins/com.st.stm32cube.ide.mcu.externaltools.gnu-tools-for-stm32.13.3.rel1.win32_1.0.0.202411081344/tools/bin/../lib/gcc/arm-none-eabi/13.3.1/../../../../arm-none-eabi/lib/thumb/v7-m/nofp\libc_nano.a(libc_a-impure.o)
                              C:/ST/STM32CubeIDE_1.19.0/STM32CubeIDE/plugins/com.st.stm32cube.ide.mcu.externaltools.gnu-tools-for-stm32.13.3.rel1.win32_1.0.0.202411081344/tools/bin/../lib/gcc/arm-none-eabi/13.3.1/../../../../arm-none-eabi/lib/thumb/v7-m/nofp\libc_nano.a(libc_a-reent.o) (_impure_ptr)
C:/ST/STM32CubeIDE_1.19.0/STM32CubeIDE/plugins/com.st.stm32cube.ide.mcu.externaltools.gnu-tools-for-stm32.13.3.rel1.win32_1.0.0.202411081344/tools/bin/../lib/gcc/arm-none-eabi/13.3.1/../../../../arm-none-eabi/lib/thumb/v7-m/nofp\libc_nano.a(libc_a-lseekr.o)
[...]
Memory Configuration

Name             Origin             Length             Attributes
RAM              0x20000000         0x00005000         xrw
FLASH            0x08000000         0x00010000         xr
*default*        0x00000000         0xffffffff

Linker script and memory map

LOAD C:/ST/STM32CubeIDE_1.19.0/STM32CubeIDE/plugins/com.st.stm32cube.ide.mcu.externaltools.gnu-tools-for-stm32.13.3.rel1.win32_1.0.0.202411081344/tools/bin/../lib/gcc/arm-none-eabi/13.3.1/thumb/v7-m/nofp/crti.o
LOAD C:/ST/STM32CubeIDE_1.19.0/STM32CubeIDE/plugins/com.st.stm32cube.ide.mcu.externaltools.gnu-tools-for-stm32.13.3.rel1.win32_1.0.0.202411081344/tools/bin/../lib/gcc/arm-none-eabi/13.3.1/thumb/v7-m/nofp/crtbegin.o
LOAD C:/ST/STM32CubeIDE_1.19.0/STM32CubeIDE/plugins/com.st.stm32cube.ide.mcu.externaltools.gnu-tools-for-stm32.13.3.rel1.win32_1.0.0.202411081344/tools/bin/../lib/gcc/arm-none-eabi/13.3.1/../../../../arm-none-eabi/lib/thumb/v7-m/nofp/crt0.o
LOAD ./Core/Src/foot_pedal_hal.o
LOAD ./Core/Src/gear_switch_hal.o
LOAD ./Core/Src/gpio.o
LOAD ./Core/Src/main.o
LOAD ./Core/Src/pulse_control_hal.o
LOAD ./Core/Src/pwm_hal.o
LOAD ./Core/Src/stm32f1xx_hal_msp.o
LOAD ./Core/Src/stm32f1xx_it.o
LOAD ./Core/Src/syscalls.o
LOAD ./Core/Src/sysmem.o
LOAD ./Core/Src/system_stm32f1xx.o
LOAD ./Core/Src/tim.o
LOAD ./Core/Src/tjc_usart_hmi.o
LOAD ./Core/Src/usart.o
LOAD ./Core/Startup/startup_stm32f103c8tx.o
LOAD ./Drivers/STM32F1xx_HAL_Driver/Src/stm32f1xx_hal.o
LOAD ./Drivers/STM32F1xx_HAL_Driver/Src/stm32f1xx_hal_cortex.o
LOAD ./Drivers/STM32F1xx_HAL_Driver/Src/stm32f1xx_hal_dma.o
LOAD ./Drivers/STM32F1xx_HAL_Driver/Src/stm32f1xx_hal_exti.o
LOAD ./Drivers/STM32F1xx_HAL_Driver/Src/stm32f1xx_hal_flash.o
LOAD ./Drivers/STM32F1xx_HAL_Driver/Src/stm32f1xx_hal_flash_ex.o
LOAD ./Drivers/STM32F1xx_HAL_Driver/Src/stm32f1xx_hal_gpio.o
LOAD ./Drivers/STM32F1xx_HAL_Driver/Src/stm32f1xx_hal_gpio_ex.o
LOAD ./Drivers/STM32F1xx_HAL_Driver/Src/stm32f1xx_hal_pwr.o
LOAD ./Drivers/STM32F1xx_HAL_Driver/Src/stm32f1xx_hal_rcc.o
LOAD ./Drivers/STM32F1xx_HAL_Driver/Src/stm32f1xx_hal_rcc_ex.o
LOAD ./Drivers/STM32F1xx_HAL_Driver/Src/stm32f1xx_hal_tim.o
LOAD ./Drivers/STM32F1xx_HAL_Driver/Src/stm32f1xx_hal_tim_ex.o
LOAD ./Drivers/STM32F1xx_HAL_Driver/Src/stm32f1xx_hal_uart.o
START GROUP
LOAD C:/ST/STM32CubeIDE_1.19.0/STM32CubeIDE/plugins/com.st.stm32cube.ide.mcu.externaltools.gnu-tools-for-stm32.13.3.rel1.win32_1.0.0.202411081344/tools/bin/../lib/gcc/arm-none-eabi/13.3.1/../../../../arm-none-eabi/lib/thumb/v7-m/nofp\libc_nano.a
LOAD C:/ST/STM32CubeIDE_1.19.0/STM32CubeIDE/plugins/com.st.stm32cube.ide.mcu.externaltools.gnu-tools-for-stm32.13.3.rel1.win32_1.0.0.202411081344/tools/bin/../lib/gcc/arm-none-eabi/13.3.1/../../../../arm-none-eabi/lib/thumb/v7-m/nofp\libm.a
END GROUP
START GROUP
LOAD C:/ST/STM32CubeIDE_1.19.0/STM32CubeIDE/plugins/com.st.stm32cube.ide.mcu.externaltools.gnu-tools-for-stm32.13.3.rel1.win32_1.0.0.202411081344/tools/bin/../lib/gcc/arm-none-eabi/13.3.1/thumb/v7-m/nofp\libgcc.a
LOAD C:/ST/STM32CubeIDE_1.19.0/STM32CubeIDE/plugins/com.st.stm32cube.ide.mcu.externaltools.gnu-tools-for-stm32.13.3.rel1.win32_1.0.0.202411081344/tools/bin/../lib/gcc/arm-none-eabi/13.3.1/../../../../arm-none-eabi/lib/thumb/v7-m/nofp\libc_nano.a
END GROUP
START GROUP
LOAD C:/ST/STM32CubeIDE_1.19.0/STM32CubeIDE/plugins/com.st.stm32cube.ide.mcu.externaltools.gnu-tools-for-stm32.13.3.rel1.win32_1.0.0.202411081344/tools/bin/../lib/gcc/arm-none-eabi/13.3.1/thumb/v7-m/nofp\libgcc.a
LOAD C:/ST/STM32CubeIDE_1.19.0/STM32CubeIDE/plugins/com.st.stm32cube.ide.mcu.externaltools.gnu-tools-for-stm32.13.3.rel1.win32_1.0.0.202411081344/tools/bin/../lib/gcc/arm-none-eabi/13.3.1/../../../../arm-none-eabi/lib/thumb/v7-m/nofp\libc_nano.a
LOAD C:/ST/STM32CubeIDE_1.19.0/STM32CubeIDE/plugins/com.st.stm32cube.ide.mcu.externaltools.gnu-tools-for-stm32.13.3.rel1.win32_1.0.0.202411081344/tools/bin/../lib/gcc/arm-none-eabi/13.3.1/../../../../arm-none-eabi/lib/thumb/v7-m/nofp\libnosys.a
END GROUP
START GROUP
LOAD C:/ST/STM32CubeIDE_1.19.0/STM32CubeIDE/plugins/com.st.stm32cube.ide.mcu.externaltools.gnu-tools-for-stm32.13.3.rel1.win32_1.0.0.202411081344/tools/bin/../lib/gcc/arm-none-eabi/13.3.1/thumb/v7-m/nofp\libgcc.a
LOAD C:/ST/STM32CubeIDE_1.19.0/STM32CubeIDE/plugins/com.st.stm32cube.ide.mcu.externaltools.gnu-tools-for-stm32.13.3.rel1.win32_1.0.0.202411081344/tools/bin/../lib/gcc/arm-none-eabi/13.3.1/../../../../arm-none-eabi/lib/thumb/v7-m/nofp\libc_nano.a
LOAD C:/ST/STM32CubeIDE_1.19.0/STM32CubeIDE/plugins/com.st.stm32cube.ide.mcu.externaltools.gnu-tools-for-stm32.13.3.rel1.win32_1.0.0.202411081344/tools/bin/../lib/gcc/arm-none-eabi/13.3.1/../../../../arm-none-eabi/lib/thumb/v7-m/nofp\libnosys.a
END GROUP
LOAD C:/ST/STM32CubeIDE_1.19.0/STM32CubeIDE/plugins/com.st.stm32cube.ide.mcu.externaltools.gnu-tools-for-stm32.13.3.rel1.win32_1.0.0.202411081344/tools/bin/../lib/gcc/arm-none-eabi/13.3.1/thumb/v7-m/nofp/crtend.o
LOAD C:/ST/STM32CubeIDE_1.19.0/STM32CubeIDE/plugins/com.st.stm32cube.ide.mcu.externaltools.gnu-tools-for-stm32.13.3.rel1.win32_1.0.0.202411081344/tools/bin/../lib/gcc/arm-none-eabi/13.3.1/thumb/v7-m/nofp/crtn.o
                0x20005000                        _estack = (ORIGIN (RAM) + LENGTH (RAM))
                0x00000200                        _Min_Heap_Size = 0x200
                0x00000400                        _Min_Stack_Size = 0x400

.isr_vector     0x08000000      0x10c
                0x08000000                        . = ALIGN (0x4)
 *(.isr_vector)
 .isr_vector    0x08000000      0x10c ./Core/Startup/startup_stm32f103c8tx.o
                0x08000000                g_pfnVectors
                0x0800010c                        . = ALIGN (0x4)

.text           0x0800010c     0x3dc4
                0x0800010c                        . = ALIGN (0x4)
 *(.text)
 .text          0x0800010c       0x40 C:/ST/STM32CubeIDE_1.19.0/STM32CubeIDE/plugins/com.st.stm32cube.ide.mcu.externaltools.gnu-tools-for-stm32.13.3.rel1.win32_1.0.0.202411081344/tools/bin/../lib/gcc/arm-none-eabi/13.3.1/thumb/v7-m/nofp/crtbegin.o
 .text          0x0800014c      0x21c C:/ST/STM32CubeIDE_1.19.0/STM32CubeIDE/plugins/com.st.stm32cube.ide.mcu.externaltools.gnu-tools-for-stm32.13.3.rel1.win32_1.0.0.202411081344/tools/bin/../lib/gcc/arm-none-eabi/13.3.1/thumb/v7-m/nofp\libgcc.a(_arm_addsubsf3.o)
                0x0800014c                __aeabi_frsub
                0x08000154                __subsf3
                0x08000154                __aeabi_fsub
                0x08000158                __aeabi_fadd
                0x08000158                __addsf3
                0x080002b8                __aeabi_ui2f
                0x080002b8                __floatunsisf
                0x080002c0                __aeabi_i2f
                0x080002c0                __floatsisf
                0x080002dc                __aeabi_ul2f
                0x080002dc                __floatundisf
                0x080002ec                __aeabi_l2f
                0x080002ec                __floatdisf
 .text          0x08000368      0x2a0 C:/ST/STM32CubeIDE_1.19.0/STM32CubeIDE/plugins/com.st.stm32cube.ide.mcu.externaltools.gnu-tools-for-stm32.13.3.rel1.win32_1.0.0.202411081344/tools/bin/../lib/gcc/arm-none-eabi/13.3.1/thumb/v7-m/nofp\libgcc.a(_arm_muldivsf3.o)
                0x08000368                __mulsf3
                0x08000368                __aeabi_fmul
                0x080004d0                __aeabi_fdiv
                0x080004d0                __divsf3
 .text          0x08000608       0xec C:/ST/STM32CubeIDE_1.19.0/STM32CubeIDE/plugins/com.st.stm32cube.ide.mcu.externaltools.gnu-tools-for-stm32.13.3.rel1.win32_1.0.0.202411081344/tools/bin/../lib/gcc/arm-none-eabi/13.3.1/thumb/v7-m/nofp\libgcc.a(_arm_cmpsf2.o)
                0x08000608                __gesf2
                0x08000608                __gtsf2
                0x08000610                __lesf2
                0x08000610                __ltsf2
                0x08000618                __nesf2
                0x08000618                __eqsf2
                0x08000618                __cmpsf2
                0x08000678                __aeabi_cfrcmple
                0x08000680                __aeabi_cfcmpeq
                0x08000680                __aeabi_cfcmple
                0x08000690                __aeabi_fcmpeq
                0x080006a4                __aeabi_fcmplt
                0x080006b8                __aeabi_fcmple
                0x080006cc                __aeabi_fcmpge
                0x080006e0                __aeabi_fcmpgt
 .text          0x080006f4       0x40 C:/ST/STM32CubeIDE_1.19.0/STM32CubeIDE/plugins/com.st.stm32cube.ide.mcu.externaltools.gnu-tools-for-stm32.13.3.rel1.win32_1.0.0.202411081344/tools/bin/../lib/gcc/arm-none-eabi/13.3.1/thumb/v7-m/nofp\libgcc.a(_arm_fixunssfsi.o)
                0x080006f4                __fixunssfsi
                0x080006f4                __aeabi_f2uiz
 *(.text*)
 .text.FootPedal_IsPressed_HAL
                0x08000734       0x20 ./Core/Src/foot_pedal_hal.o
                0x08000734                FootPedal_IsPressed_HAL
 .text.Gear_GetSelection_HAL
                0x08000754       0x24 ./Core/Src/gear_switch_hal.o
                0x08000754                Gear_GetSelection_HAL
 .text.MX_GPIO_Init
                0x08000778       0xbc ./Core/Src/gpio.o
                0x08000778                MX_GPIO_Init
 .text.HAL_UART_RxCpltCallback
                0x08000834      0x1d0 ./Core/Src/main.o
                0x08000834                HAL_UART_RxCpltCallback
 .text.main     0x08000a04       0xb8 ./Core/Src/main.o
                0x08000a04                main
 .text.SystemClock_Config
                0x08000abc       0x8a ./Core/Src/main.o
                0x08000abc                SystemClock_Config
 *fill*         0x08000b46        0x2 
 .text.HAL_TIM_PeriodElapsedCallback
                0x08000b48       0x24 ./Core/Src/main.o
                0x08000b48                HAL_TIM_PeriodElapsedCallback
 .text.Error_Handler
                0x08000b6c        0xc ./Core/Src/main.o
                0x08000b6c                Error_Handler
 .text.PulseControl_Start_HAL
                0x08000b78       0x68 ./Core/Src/pulse_control_hal.o
                0x08000b78                PulseControl_Start_HAL
 .text.PulseControl_Stop_HAL
                0x08000be0       0x2c ./Core/Src/pulse_control_hal.o
                0x08000be0                PulseControl_Stop_HAL
 .text.PulseControl_IsActive
                0x08000c0c       0x18 ./Core/Src/pulse_control_hal.o
                0x08000c0c                PulseControl_IsActive
 .text.PulseControl_TIM_IRQ_Handler
                0x08000c24       0x38 ./Core/Src/pulse_control_hal.o
                0x08000c24                PulseControl_TIM_IRQ_Handler
 .text.PWM_Start_HAL
                0x08000c5c       0xe4 ./Core/Src/pwm_hal.o
                0x08000c5c                PWM_Start_HAL
 .text.PWM_Stop_HAL
                0x08000d40       0xbc ./Core/Src/pwm_hal.o
                0x08000d40                PWM_Stop_HAL
 .text.PWM_SetDuty_HAL
                0x08000dfc       0x94 ./Core/Src/pwm_hal.o
                0x08000dfc                PWM_SetDuty_HAL
 .text.PWM_SetFreq_HAL
                0x08000e90      0x124 ./Core/Src/pwm_hal.o
                0x08000e90                PWM_SetFreq_HAL
 .text.HAL_MspInit
                0x08000fb4       0x64 ./Core/Src/stm32f1xx_hal_msp.o
                0x08000fb4                HAL_MspInit
 .text.NMI_Handler
                0x08001018        0x8 ./Core/Src/stm32f1xx_it.o
                0x08001018                NMI_Handler
 .text.HardFault_Handler
                0x08001020        0x8 ./Core/Src/stm32f1xx_it.o
                0x08001020                HardFault_Handler
 .text.MemManage_Handler
                0x08001028        0x8 ./Core/Src/stm32f1xx_it.o
                0x08001028                MemManage_Handler
 .text.BusFault_Handler
                0x08001030        0x8 ./Core/Src/stm32f1xx_it.o
                0x08001030                BusFault_Handler
 .text.UsageFault_Handler
                0x08001038        0x8 ./Core/Src/stm32f1xx_it.o
                0x08001038                UsageFault_Handler
 .text.SVC_Handler
                0x08001040        0xc ./Core/Src/stm32f1xx_it.o
                0x08001040                SVC_Handler
 .text.DebugMon_Handler
                0x0800104c        0xc ./Core/Src/stm32f1xx_it.o
                0x0800104c                DebugMon_Handler
 .text.PendSV_Handler
                0x08001058        0xc ./Core/Src/stm32f1xx_it.o
                0x08001058                PendSV_Handler
 .text.SysTick_Handler
                0x08001064        0xc ./Core/Src/stm32f1xx_it.o
                0x08001064                SysTick_Handler
 .text.TIM1_UP_IRQHandler
                0x08001070       0x14 ./Core/Src/stm32f1xx_it.o
                0x08001070                TIM1_UP_IRQHandler
 .text.USART2_IRQHandler
                0x08001084       0x14 ./Core/Src/stm32f1xx_it.o
                0x08001084                USART2_IRQHandler
 .text.SystemInit
                0x08001098        0xc ./Core/Src/system_stm32f1xx.o
                0x08001098                SystemInit
 .text.MX_TIM1_Init
                0x080010a4      0x120 ./Core/Src/tim.o
                0x080010a4                MX_TIM1_Init
 .text.HAL_TIM_PWM_MspInit
                0x080011c4       0x4c ./Core/Src/tim.o
                0x080011c4                HAL_TIM_PWM_MspInit
 .text.HAL_TIM_MspPostInit
                0x08001210       0x9c ./Core/Src/tim.o
                0x08001210                HAL_TIM_MspPostInit
 .text.MX_USART2_UART_Init
                0x080012ac       0x54 ./Core/Src/usart.o
                0x080012ac                MX_USART2_UART_Init
 .text.HAL_UART_MspInit
                0x08001300       0xa4 ./Core/Src/usart.o
                0x08001300                HAL_UART_MspInit
 .text.Reset_Handler
                0x080013a4       0x48 ./Core/Startup/startup_stm32f103c8tx.o
                0x080013a4                Reset_Handler
 .text.Default_Handler
                0x080013ec        0x2 ./Core/Startup/startup_stm32f103c8tx.o
                0x080013ec                RTC_Alarm_IRQHandler
                0x080013ec                EXTI2_IRQHandler
                0x080013ec                TIM1_CC_IRQHandler
                0x080013ec                PVD_IRQHandler
                0x080013ec                EXTI3_IRQHandler
                0x080013ec                EXTI0_IRQHandler
                0x080013ec                I2C2_EV_IRQHandler
                0x080013ec                ADC1_2_IRQHandler
                0x080013ec                SPI1_IRQHandler
                0x080013ec                TAMPER_IRQHandler
                0x080013ec                DMA1_Channel4_IRQHandler
                0x080013ec                USART3_IRQHandler
                0x080013ec                RTC_IRQHandler
                0x080013ec                DMA1_Channel7_IRQHandler
                0x080013ec                CAN1_RX1_IRQHandler
                0x080013ec                TIM4_IRQHandler
                0x080013ec                I2C1_EV_IRQHandler
                0x080013ec                DMA1_Channel6_IRQHandler
                0x080013ec                TIM3_IRQHandler
                0x080013ec                RCC_IRQHandler
                0x080013ec                TIM1_TRG_COM_IRQHandler
                0x080013ec                DMA1_Channel1_IRQHandler
                0x080013ec                Default_Handler
                0x080013ec                EXTI15_10_IRQHandler
                0x080013ec                EXTI9_5_IRQHandler
                0x080013ec                SPI2_IRQHandler
                0x080013ec                DMA1_Channel5_IRQHandler
                0x080013ec                EXTI4_IRQHandler
                0x080013ec                USB_LP_CAN1_RX0_IRQHandler
                0x080013ec                USB_HP_CAN1_TX_IRQHandler
                0x080013ec                DMA1_Channel3_IRQHandler
                0x080013ec                WWDG_IRQHandler
                0x080013ec                TIM2_IRQHandler
                0x080013ec                TIM1_BRK_IRQHandler
                0x080013ec                EXTI1_IRQHandler
                0x080013ec                I2C2_ER_IRQHandler
                0x080013ec                DMA1_Channel2_IRQHandler
                0x080013ec                CAN1_SCE_IRQHandler
                0x080013ec                FLASH_IRQHandler
                0x080013ec                USART1_IRQHandler
                0x080013ec                I2C1_ER_IRQHandler
                0x080013ec                USBWakeUp_IRQHandler
 *fill*         0x080013ee        0x2 
 .text.HAL_Init
                0x080013f0       0x2c ./Drivers/STM32F1xx_HAL_Driver/Src/stm32f1xx_hal.o
                0x080013f0                HAL_Init
 .text.HAL_InitTick
                0x0800141c       0x60 ./Drivers/STM32F1xx_HAL_Driver/Src/stm32f1xx_hal.o
                0x0800141c                HAL_InitTick
 .text.HAL_IncTick
                0x0800147c       0x24 ./Drivers/STM32F1xx_HAL_Driver/Src/stm32f1xx_hal.o
                0x0800147c                HAL_IncTick
 .text.HAL_GetTick
                0x080014a0       0x14 ./Drivers/STM32F1xx_HAL_Driver/Src/stm32f1xx_hal.o
                0x080014a0                HAL_GetTick
 .text.HAL_Delay
                0x080014b4       0x48 ./Drivers/STM32F1xx_HAL_Driver/Src/stm32f1xx_hal.o
                0x080014b4                HAL_Delay
 .text.__NVIC_SetPriorityGrouping
                0x080014fc       0x48 ./Drivers/STM32F1xx_HAL_Driver/Src/stm32f1xx_hal_cortex.o
 .text.__NVIC_GetPriorityGrouping
                0x08001544       0x1c ./Drivers/STM32F1xx_HAL_Driver/Src/stm32f1xx_hal_cortex.o
 .text.__NVIC_EnableIRQ
                0x08001560       0x38 ./Drivers/STM32F1xx_HAL_Driver/Src/stm32f1xx_hal_cortex.o
 .text.__NVIC_SetPriority
                0x08001598       0x54 ./Drivers/STM32F1xx_HAL_Driver/Src/stm32f1xx_hal_cortex.o
 .text.NVIC_EncodePriority
                0x080015ec       0x64 ./Drivers/STM32F1xx_HAL_Driver/Src/stm32f1xx_hal_cortex.o
 .text.SysTick_Config
                0x08001650       0x44 ./Drivers/STM32F1xx_HAL_Driver/Src/stm32f1xx_hal_cortex.o
 .text.HAL_NVIC_SetPriorityGrouping
                0x08001694       0x16 ./Drivers/STM32F1xx_HAL_Driver/Src/stm32f1xx_hal_cortex.o
                0x08001694                HAL_NVIC_SetPriorityGrouping
 .text.HAL_NVIC_SetPriority
                0x080016aa       0x38 ./Drivers/STM32F1xx_HAL_Driver/Src/stm32f1xx_hal_cortex.o
                0x080016aa                HAL_NVIC_SetPriority
 .text.HAL_NVIC_EnableIRQ
                0x080016e2       0x1c ./Drivers/STM32F1xx_HAL_Driver/Src/stm32f1xx_hal_cortex.o
                0x080016e2                HAL_NVIC_EnableIRQ
 .text.HAL_SYSTICK_Config
                0x080016fe       0x18 ./Drivers/STM32F1xx_HAL_Driver/Src/stm32f1xx_hal_cortex.o
                0x080016fe                HAL_SYSTICK_Config
 .text.HAL_DMA_Abort
                0x08001716       0x76 ./Drivers/STM32F1xx_HAL_Driver/Src/stm32f1xx_hal_dma.o
                0x08001716                HAL_DMA_Abort
 .text.HAL_DMA_Abort_IT
                0x0800178c       0xf0 ./Drivers/STM32F1xx_HAL_Driver/Src/stm32f1xx_hal_dma.o
                0x0800178c                HAL_DMA_Abort_IT
 .text.HAL_GPIO_Init
                0x0800187c      0x308 ./Drivers/STM32F1xx_HAL_Driver/Src/stm32f1xx_hal_gpio.o
                0x0800187c                HAL_GPIO_Init
 .text.HAL_GPIO_ReadPin
                0x08001b84       0x2e ./Drivers/STM32F1xx_HAL_Driver/Src/stm32f1xx_hal_gpio.o
                0x08001b84                HAL_GPIO_ReadPin
 .text.HAL_GPIO_WritePin
                0x08001bb2       0x30 ./Drivers/STM32F1xx_HAL_Driver/Src/stm32f1xx_hal_gpio.o
                0x08001bb2                HAL_GPIO_WritePin
 *fill*         0x08001be2        0x2 
 .text.HAL_RCC_OscConfig
                0x08001be4      0x504 ./Drivers/STM32F1xx_HAL_Driver/Src/stm32f1xx_hal_rcc.o
                0x08001be4                HAL_RCC_OscConfig
 .text.HAL_RCC_ClockConfig
                0x080020e8      0x1d4 ./Drivers/STM32F1xx_HAL_Driver/Src/stm32f1xx_hal_rcc.o
                0x080020e8                HAL_RCC_ClockConfig
 .text.HAL_RCC_GetSysClockFreq
                0x080022bc       0xa8 ./Drivers/STM32F1xx_HAL_Driver/Src/stm32f1xx_hal_rcc.o
                0x080022bc                HAL_RCC_GetSysClockFreq
 .text.HAL_RCC_GetHCLKFreq
                0x08002364       0x14 ./Drivers/STM32F1xx_HAL_Driver/Src/stm32f1xx_hal_rcc.o
                0x08002364                HAL_RCC_GetHCLKFreq
 .text.HAL_RCC_GetPCLK1Freq
                0x08002378       0x28 ./Drivers/STM32F1xx_HAL_Driver/Src/stm32f1xx_hal_rcc.o
                0x08002378                HAL_RCC_GetPCLK1Freq
 .text.HAL_RCC_GetPCLK2Freq
                0x080023a0       0x28 ./Drivers/STM32F1xx_HAL_Driver/Src/stm32f1xx_hal_rcc.o
                0x080023a0                HAL_RCC_GetPCLK2Freq
 .text.RCC_Delay
                0x080023c8       0x3c ./Drivers/STM32F1xx_HAL_Driver/Src/stm32f1xx_hal_rcc.o
 .text.HAL_TIM_Base_Start_IT
                0x08002404       0xa4 ./Drivers/STM32F1xx_HAL_Driver/Src/stm32f1xx_hal_tim.o
                0x08002404                HAL_TIM_Base_Start_IT
 .text.HAL_TIM_Base_Stop_IT
                0x080024a8       0x5c ./Drivers/STM32F1xx_HAL_Driver/Src/stm32f1xx_hal_tim.o
                0x080024a8                HAL_TIM_Base_Stop_IT
 .text.HAL_TIM_PWM_Init
                0x08002504       0x9e ./Drivers/STM32F1xx_HAL_Driver/Src/stm32f1xx_hal_tim.o
                0x08002504                HAL_TIM_PWM_Init
 *fill*         0x080025a2        0x2 
 .text.HAL_TIM_PWM_Start
                0x080025a4      0x144 ./Drivers/STM32F1xx_HAL_Driver/Src/stm32f1xx_hal_tim.o
                0x080025a4                HAL_TIM_PWM_Start
 .text.HAL_TIM_PWM_Stop
                0x080026e8       0xc8 ./Drivers/STM32F1xx_HAL_Driver/Src/stm32f1xx_hal_tim.o
                0x080026e8                HAL_TIM_PWM_Stop
 .text.HAL_TIM_IRQHandler
                0x080027b0      0x1e0 ./Drivers/STM32F1xx_HAL_Driver/Src/stm32f1xx_hal_tim.o
                0x080027b0                HAL_TIM_IRQHandler
 .text.HAL_TIM_PWM_ConfigChannel
                0x08002990      0x184 ./Drivers/STM32F1xx_HAL_Driver/Src/stm32f1xx_hal_tim.o
                0x08002990                HAL_TIM_PWM_ConfigChannel
 .text.HAL_TIM_OC_DelayElapsedCallback
                0x08002b14       0x12 ./Drivers/STM32F1xx_HAL_Driver/Src/stm32f1xx_hal_tim.o
                0x08002b14                HAL_TIM_OC_DelayElapsedCallback
 .text.HAL_TIM_IC_CaptureCallback
                0x08002b26       0x12 ./Drivers/STM32F1xx_HAL_Driver/Src/stm32f1xx_hal_tim.o
                0x08002b26                HAL_TIM_IC_CaptureCallback
 .text.HAL_TIM_PWM_PulseFinishedCallback
                0x08002b38       0x12 ./Drivers/STM32F1xx_HAL_Driver/Src/stm32f1xx_hal_tim.o
                0x08002b38                HAL_TIM_PWM_PulseFinishedCallback
 .text.HAL_TIM_TriggerCallback
                0x08002b4a       0x12 ./Drivers/STM32F1xx_HAL_Driver/Src/stm32f1xx_hal_tim.o
                0x08002b4a                HAL_TIM_TriggerCallback
 .text.TIM_Base_SetConfig
                0x08002b5c       0xdc ./Drivers/STM32F1xx_HAL_Driver/Src/stm32f1xx_hal_tim.o
                0x08002b5c                TIM_Base_SetConfig
 .text.TIM_OC1_SetConfig
                0x08002c38       0xcc ./Drivers/STM32F1xx_HAL_Driver/Src/stm32f1xx_hal_tim.o
 .text.TIM_OC2_SetConfig
                0x08002d04       0xd4 ./Drivers/STM32F1xx_HAL_Driver/Src/stm32f1xx_hal_tim.o
                0x08002d04                TIM_OC2_SetConfig
 .text.TIM_OC3_SetConfig
                0x08002dd8       0xd4 ./Drivers/STM32F1xx_HAL_Driver/Src/stm32f1xx_hal_tim.o
 .text.TIM_OC4_SetConfig
                0x08002eac       0x9c ./Drivers/STM32F1xx_HAL_Driver/Src/stm32f1xx_hal_tim.o
 .text.TIM_CCxChannelCmd
                0x08002f48       0x48 ./Drivers/STM32F1xx_HAL_Driver/Src/stm32f1xx_hal_tim.o
                0x08002f48                TIM_CCxChannelCmd
 .text.HAL_TIMEx_PWMN_Start
                0x08002f90      0x13c ./Drivers/STM32F1xx_HAL_Driver/Src/stm32f1xx_hal_tim_ex.o
                0x08002f90                HAL_TIMEx_PWMN_Start
 .text.HAL_TIMEx_PWMN_Stop
                0x080030cc       0xba ./Drivers/STM32F1xx_HAL_Driver/Src/stm32f1xx_hal_tim_ex.o
                0x080030cc                HAL_TIMEx_PWMN_Stop
 *fill*         0x08003186        0x2 
 .text.HAL_TIMEx_MasterConfigSynchronization
                0x08003188       0xbc ./Drivers/STM32F1xx_HAL_Driver/Src/stm32f1xx_hal_tim_ex.o
                0x08003188                HAL_TIMEx_MasterConfigSynchronization
 .text.HAL_TIMEx_ConfigBreakDeadTime
                0x08003244       0xa2 ./Drivers/STM32F1xx_HAL_Driver/Src/stm32f1xx_hal_tim_ex.o
                0x08003244                HAL_TIMEx_ConfigBreakDeadTime
 .text.HAL_TIMEx_CommutCallback
                0x080032e6       0x12 ./Drivers/STM32F1xx_HAL_Driver/Src/stm32f1xx_hal_tim_ex.o
                0x080032e6                HAL_TIMEx_CommutCallback
 .text.HAL_TIMEx_BreakCallback
                0x080032f8       0x12 ./Drivers/STM32F1xx_HAL_Driver/Src/stm32f1xx_hal_tim_ex.o
                0x080032f8                HAL_TIMEx_BreakCallback
 .text.TIM_CCxNChannelCmd
                0x0800330a       0x48 ./Drivers/STM32F1xx_HAL_Driver/Src/stm32f1xx_hal_tim_ex.o
 .text.HAL_UART_Init
                0x08003352       0xa0 ./Drivers/STM32F1xx_HAL_Driver/Src/stm32f1xx_hal_uart.o
                0x08003352                HAL_UART_Init
 .text.HAL_UART_Receive_IT
                0x080033f2       0x4a ./Drivers/STM32F1xx_HAL_Driver/Src/stm32f1xx_hal_uart.o
                0x080033f2                HAL_UART_Receive_IT
 .text.HAL_UART_IRQHandler
                0x0800343c      0x524 ./Drivers/STM32F1xx_HAL_Driver/Src/stm32f1xx_hal_uart.o
                0x0800343c                HAL_UART_IRQHandler
 .text.HAL_UART_TxCpltCallback
                0x08003960       0x12 ./Drivers/STM32F1xx_HAL_Driver/Src/stm32f1xx_hal_uart.o
                0x08003960                HAL_UART_TxCpltCallback
 .text.HAL_UART_ErrorCallback
                0x08003972       0x12 ./Drivers/STM32F1xx_HAL_Driver/Src/stm32f1xx_hal_uart.o
                0x08003972                HAL_UART_ErrorCallback
 .text.HAL_UARTEx_RxEventCallback
                0x08003984       0x16 ./Drivers/STM32F1xx_HAL_Driver/Src/stm32f1xx_hal_uart.o
                0x08003984                HAL_UARTEx_RxEventCallback
 .text.UART_Start_Receive_IT
                0x0800399a       0x72 ./Drivers/STM32F1xx_HAL_Driver/Src/stm32f1xx_hal_uart.o
                0x0800399a                UART_Start_Receive_IT
 .text.UART_EndRxTransfer
                0x08003a0c       0xc4 ./Drivers/STM32F1xx_HAL_Driver/Src/stm32f1xx_hal_uart.o
 .text.UART_DMAAbortOnError
                0x08003ad0       0x28 ./Drivers/STM32F1xx_HAL_Driver/Src/stm32f1xx_hal_uart.o
 .text.UART_Transmit_IT
                0x08003af8       0x9e ./Drivers/STM32F1xx_HAL_Driver/Src/stm32f1xx_hal_uart.o
 .text.UART_EndTransmit_IT
                0x08003b96       0x30 ./Drivers/STM32F1xx_HAL_Driver/Src/stm32f1xx_hal_uart.o
 .text.UART_Receive_IT
                0x08003bc6      0x17c ./Drivers/STM32F1xx_HAL_Driver/Src/stm32f1xx_hal_uart.o
 *fill*         0x08003d42        0x2 
 .text.UART_SetConfig
                0x08003d44      0x11c ./Drivers/STM32F1xx_HAL_Driver/Src/stm32f1xx_hal_uart.o
 .text.memset   0x08003e60       0x10 C:/ST/STM32CubeIDE_1.19.0/STM32CubeIDE/plugins/com.st.stm32cube.ide.mcu.externaltools.gnu-tools-for-stm32.13.3.rel1.win32_1.0.0.202411081344/tools/bin/../lib/gcc/arm-none-eabi/13.3.1/../../../../arm-none-eabi/lib/thumb/v7-m/nofp\libc_nano.a(libc_a-memset.o)
                0x08003e60                memset
 .text.__libc_init_array
                0x08003e70       0x48 C:/ST/STM32CubeIDE_1.19.0/STM32CubeIDE/plugins/com.st.stm32cube.ide.mcu.externaltools.gnu-tools-for-stm32.13.3.rel1.win32_1.0.0.202411081344/tools/bin/../lib/gcc/arm-none-eabi/13.3.1/../../../../arm-none-eabi/lib/thumb/v7-m/nofp\libc_nano.a(libc_a-init.o)
                0x08003e70                __libc_init_array
 *(.glue_7)
 .glue_7        0x08003eb8        0x0 linker stubs
 *(.glue_7t)
 .glue_7t       0x08003eb8        0x0 linker stubs
 *(.eh_frame)
 .eh_frame      0x08003eb8        0x0 C:/ST/STM32CubeIDE_1.19.0/STM32CubeIDE/plugins/com.st.stm32cube.ide.mcu.externaltools.gnu-tools-for-stm32.13.3.rel1.win32_1.0.0.202411081344/tools/bin/../lib/gcc/arm-none-eabi/13.3.1/thumb/v7-m/nofp/crtbegin.o
 *(.init)
 .init          0x08003eb8        0x4 C:/ST/STM32CubeIDE_1.19.0/STM32CubeIDE/plugins/com.st.stm32cube.ide.mcu.externaltools.gnu-tools-for-stm32.13.3.rel1.win32_1.0.0.202411081344/tools/bin/../lib/gcc/arm-none-eabi/13.3.1/thumb/v7-m/nofp/crti.o
                0x08003eb8                _init
 .init          0x08003ebc        0x8 C:/ST/STM32CubeIDE_1.19.0/STM32CubeIDE/plugins/com.st.stm32cube.ide.mcu.externaltools.gnu-tools-for-stm32.13.3.rel1.win32_1.0.0.202411081344/tools/bin/../lib/gcc/arm-none-eabi/13.3.1/thumb/v7-m/nofp/crtn.o
 *(.fini)
 .fini          0x08003ec4        0x4 C:/ST/STM32CubeIDE_1.19.0/STM32CubeIDE/plugins/com.st.stm32cube.ide.mcu.externaltools.gnu-tools-for-stm32.13.3.rel1.win32_1.0.0.202411081344/tools/bin/../lib/gcc/arm-none-eabi/13.3.1/thumb/v7-m/nofp/crti.o
                0x08003ec4                _fini
 .fini          0x08003ec8        0x8 C:/ST/STM32CubeIDE_1.19.0/STM32CubeIDE/plugins/com.st.stm32cube.ide.mcu.externaltools.gnu-tools-for-stm32.13.3.rel1.win32_1.0.0.202411081344/tools/bin/../lib/gcc/arm-none-eabi/13.3.1/thumb/v7-m/nofp/crtn.o
                0x08003ed0                        . = ALIGN (0x4)
                0x08003ed0                        _etext = .

.vfp11_veneer   0x08003ed0        0x0
 .vfp11_veneer  0x08003ed0        0x0 linker stubs

.v4_bx          0x08003ed0        0x0
 .v4_bx         0x08003ed0        0x0 linker stubs

.iplt           0x08003ed0        0x0
 .iplt          0x08003ed0        0x0 C:/ST/STM32CubeIDE_1.19.0/STM32CubeIDE/plugins/com.st.stm32cube.ide.mcu.externaltools.gnu-tools-for-stm32.13.3.rel1.win32_1.0.0.202411081344/tools/bin/../lib/gcc/arm-none-eabi/13.3.1/thumb/v7-m/nofp/crtbegin.o

.rodata         0x08003ed0       0x2c
                0x08003ed0                        . = ALIGN (0x4)
 *(.rodata)
 *(.rodata*)
 .rodata.AHBPrescTable
                0x08003ed0       0x10 ./Core/Src/system_stm32f1xx.o
                0x08003ed0                AHBPrescTable
 .rodata.APBPrescTable
                0x08003ee0        0x8 ./Core/Src/system_stm32f1xx.o
                0x08003ee0                APBPrescTable
 .rodata.aPLLMULFactorTable.1
                0x08003ee8       0x10 ./Drivers/STM32F1xx_HAL_Driver/Src/stm32f1xx_hal_rcc.o
 .rodata.aPredivFactorTable.0
                0x08003ef8        0x2 ./Drivers/STM32F1xx_HAL_Driver/Src/stm32f1xx_hal_rcc.o
                0x08003efc                        . = ALIGN (0x4)
 *fill*         0x08003efa        0x2 

.ARM.extab      0x08003efc        0x0
                0x08003efc                        . = ALIGN (0x4)
 *(.ARM.extab* .gnu.linkonce.armextab.*)
                0x08003efc                        . = ALIGN (0x4)

.ARM            0x08003efc        0x0
                0x08003efc                        . = ALIGN (0x4)
                0x08003efc                        __exidx_start = .
 *(.ARM.exidx*)
                0x08003efc                        __exidx_end = .
                0x08003efc                        . = ALIGN (0x4)

.preinit_array  0x08003efc        0x0
                0x08003efc                        . = ALIGN (0x4)
                0x08003efc                        PROVIDE (__preinit_array_start = .)
 *(.preinit_array*)
                0x08003efc                        PROVIDE (__preinit_array_end = .)
                0x08003efc                        . = ALIGN (0x4)

.init_array     0x08003efc        0x4
                0x08003efc                        . = ALIGN (0x4)
                0x08003efc                        PROVIDE (__init_array_start = .)
 *(SORT_BY_NAME(.init_array.*))
 *(.init_array*)
 .init_array    0x08003efc        0x4 C:/ST/STM32CubeIDE_1.19.0/STM32CubeIDE/plugins/com.st.stm32cube.ide.mcu.externaltools.gnu-tools-for-stm32.13.3.rel1.win32_1.0.0.202411081344/tools/bin/../lib/gcc/arm-none-eabi/13.3.1/thumb/v7-m/nofp/crtbegin.o
                0x08003f00                        PROVIDE (__init_array_end = .)
                0x08003f00                        . = ALIGN (0x4)

.fini_array     0x08003f00        0x4
                0x08003f00                        . = ALIGN (0x4)
                [!provide]                        PROVIDE (__fini_array_start = .)
 *(SORT_BY_NAME(.fini_array.*))
 *(.fini_array*)
 .fini_array    0x08003f00        0x4 C:/ST/STM32CubeIDE_1.19.0/STM32CubeIDE/plugins/com.st.stm32cube.ide.mcu.externaltools.gnu-tools-for-stm32.13.3.rel1.win32_1.0.0.202411081344/tools/bin/../lib/gcc/arm-none-eabi/13.3.1/thumb/v7-m/nofp/crtbegin.o
                [!provide]                        PROVIDE (__fini_array_end = .)
                0x08003f04                        . = ALIGN (0x4)
                0x08003f04                        _sidata = LOADADDR (.data)

.rel.dyn        0x08003f04        0x0
 .rel.iplt      0x08003f04        0x0 C:/ST/STM32CubeIDE_1.19.0/STM32CubeIDE/plugins/com.st.stm32cube.ide.mcu.externaltools.gnu-tools-for-stm32.13.3.rel1.win32_1.0.0.202411081344/tools/bin/../lib/gcc/arm-none-eabi/13.3.1/thumb/v7-m/nofp/crtbegin.o

.data           0x20000000        0xc load address 0x08003f04
                0x20000000                        . = ALIGN (0x4)
                0x20000000                        _sdata = .
 *(.data)
 *(.data*)
 .data.SystemCoreClock
                0x20000000        0x4 ./Core/Src/system_stm32f1xx.o
                0x20000000                SystemCoreClock
 .data.uwTickPrio
                0x20000004        0x4 ./Drivers/STM32F1xx_HAL_Driver/Src/stm32f1xx_hal.o
                0x20000004                uwTickPrio
 .data.uwTickFreq
                0x20000008        0x1 ./Drivers/STM32F1xx_HAL_Driver/Src/stm32f1xx_hal.o
                0x20000008                uwTickFreq
 *(.RamFunc)
 *(.RamFunc*)
                0x2000000c                        . = ALIGN (0x4)
 *fill*         0x20000009        0x3 
                0x2000000c                        _edata = .

.igot.plt       0x2000000c        0x0 load address 0x08003f10
 .igot.plt      0x2000000c        0x0 C:/ST/STM32CubeIDE_1.19.0/STM32CubeIDE/plugins/com.st.stm32cube.ide.mcu.externaltools.gnu-tools-for-stm32.13.3.rel1.win32_1.0.0.202411081344/tools/bin/../lib/gcc/arm-none-eabi/13.3.1/thumb/v7-m/nofp/crtbegin.o
                0x2000000c                        . = ALIGN (0x4)

.bss            0x2000000c       0xc4 load address 0x08003f10
                0x2000000c                        _sbss = .
                0x2000000c                        __bss_start__ = _sbss
 *(.bss)
 .bss           0x2000000c       0x1c C:/ST/STM32CubeIDE_1.19.0/STM32CubeIDE/plugins/com.st.stm32cube.ide.mcu.externaltools.gnu-tools-for-stm32.13.3.rel1.win32_1.0.0.202411081344/tools/bin/../lib/gcc/arm-none-eabi/13.3.1/thumb/v7-m/nofp/crtbegin.o
 *(.bss*)
 .bss.rx_byte   0x20000028        0x1 ./Core/Src/main.o
                0x20000028                rx_byte
 .bss.rx_state  0x20000029        0x1 ./Core/Src/main.o
                0x20000029                rx_state
 .bss.cmd_type  0x2000002a        0x1 ./Core/Src/main.o
                0x2000002a                cmd_type
 *fill*         0x2000002b        0x1 
 .bss.data_buf  0x2000002c        0x4 ./Core/Src/main.o
                0x2000002c                data_buf
 .bss.data_idx  0x20000030        0x1 ./Core/Src/main.o
                0x20000030                data_idx
 .bss.system_enable
                0x20000031        0x1 ./Core/Src/main.o
                0x20000031                system_enable
 .bss.pulse_mode_active
                0x20000032        0x1 ./Core/Src/pulse_control_hal.o
 *fill*         0x20000033        0x1 
 .bss.pulse_count
                0x20000034        0x4 ./Core/Src/pulse_control_hal.o
 .bss.pulse_target
                0x20000038        0x4 ./Core/Src/pulse_control_hal.o
 .bss.htim1     0x2000003c       0x48 ./Core/Src/tim.o
                0x2000003c                htim1
 .bss.huart2    0x20000084       0x48 ./Core/Src/usart.o
                0x20000084                huart2
 .bss.uwTick    0x200000cc        0x4 ./Drivers/STM32F1xx_HAL_Driver/Src/stm32f1xx_hal.o
                0x200000cc                uwTick
 *(COMMON)
                0x200000d0                        . = ALIGN (0x4)
                0x200000d0                        _ebss = .
                0x200000d0                        __bss_end__ = _ebss

._user_heap_stack
                0x200000d0      0x600 load address 0x08003f10
                0x200000d0                        . = ALIGN (0x8)
                [!provide]                        PROVIDE (end = .)
                0x200000d0                        PROVIDE (_end = .)
                0x200002d0                        . = (. + _Min_Heap_Size)
 *fill*         0x200000d0      0x200 
                0x200006d0                        . = (. + _Min_Stack_Size)
 *fill*         0x200002d0      0x400 
                0x200006d0                        . = ALIGN (0x8)

/DISCARD/
 libc.a(*)
 libm.a(*)
 libgcc.a(*)

.ARM.attributes
                0x00000000       0x29
 *(.ARM.attributes)
 .ARM.attributes
                0x00000000       0x1d C:/ST/STM32CubeIDE_1.19.0/STM32CubeIDE/plugins/com.st.stm32cube.ide.mcu.externaltools.gnu-tools-for-stm32.13.3.rel1.win32_1.0.0.202411081344/tools/bin/../lib/gcc/arm-none-eabi/13.3.1/thumb/v7-m/nofp/crti.o
 .ARM.attributes
                0x0000001d       0x2d C:/ST/STM32CubeIDE_1.19.0/STM32CubeIDE/plugins/com.st.stm32cube.ide.mcu.externaltools.gnu-tools-for-stm32.13.3.rel1.win32_1.0.0.202411081344/tools/bin/../lib/gcc/arm-none-eabi/13.3.1/thumb/v7-m/nofp/crtbegin.o
 .ARM.attributes
                0x0000004a       0x2d ./Core/Src/foot_pedal_hal.o
 .ARM.attributes
                0x00000077       0x2d ./Core/Src/gear_switch_hal.o
 .ARM.attributes
                0x000000a4       0x2d ./Core/Src/gpio.o
 .ARM.attributes
                0x000000d1       0x2d ./Core/Src/main.o
 .ARM.attributes
                0x000000fe       0x2d ./Core/Src/pulse_control_hal.o
 .ARM.attributes
                0x0000012b       0x2d ./Core/Src/pwm_hal.o
 .ARM.attributes
                0x00000158       0x2d ./Core/Src/stm32f1xx_hal_msp.o
 .ARM.attributes
                0x00000185       0x2d ./Core/Src/stm32f1xx_it.o
 .ARM.attributes
                0x000001b2       0x2d ./Core/Src/system_stm32f1xx.o
 .ARM.attributes
                0x000001df       0x2d ./Core/Src/tim.o
 .ARM.attributes
                0x0000020c       0x2d ./Core/Src/usart.o
 .ARM.attributes
                0x00000239       0x21 ./Core/Startup/startup_stm32f103c8tx.o
 .ARM.attributes
                0x0000025a       0x2d ./Drivers/STM32F1xx_HAL_Driver/Src/stm32f1xx_hal.o
 .ARM.attributes
                0x00000287       0x2d ./Drivers/STM32F1xx_HAL_Driver/Src/stm32f1xx_hal_cortex.o
 .ARM.attributes
                0x000002b4       0x2d ./Drivers/STM32F1xx_HAL_Driver/Src/stm32f1xx_hal_dma.o
 .ARM.attributes
                0x000002e1       0x2d ./Drivers/STM32F1xx_HAL_Driver/Src/stm32f1xx_hal_gpio.o
 .ARM.attributes
                0x0000030e       0x2d ./Drivers/STM32F1xx_HAL_Driver/Src/stm32f1xx_hal_rcc.o
 .ARM.attributes
                0x0000033b       0x2d ./Drivers/STM32F1xx_HAL_Driver/Src/stm32f1xx_hal_tim.o
 .ARM.attributes
                0x00000368       0x2d ./Drivers/STM32F1xx_HAL_Driver/Src/stm32f1xx_hal_tim_ex.o
 .ARM.attributes
                0x00000395       0x2d ./Drivers/STM32F1xx_HAL_Driver/Src/stm32f1xx_hal_uart.o
 .ARM.attributes
                0x000003c2       0x2d C:/ST/STM32CubeIDE_1.19.0/STM32CubeIDE/plugins/com.st.stm32cube.ide.mcu.externaltools.gnu-tools-for-stm32.13.3.rel1.win32_1.0.0.202411081344/tools/bin/../lib/gcc/arm-none-eabi/13.3.1/../../../../arm-none-eabi/lib/thumb/v7-m/nofp\libc_nano.a(libc_a-memset.o)
 .ARM.attributes
                0x000003ef       0x2d C:/ST/STM32CubeIDE_1.19.0/STM32CubeIDE/plugins/com.st.stm32cube.ide.mcu.externaltools.gnu-tools-for-stm32.13.3.rel1.win32_1.0.0.202411081344/tools/bin/../lib/gcc/arm-none-eabi/13.3.1/../../../../arm-none-eabi/lib/thumb/v7-m/nofp\libc_nano.a(libc_a-init.o)
 .ARM.attributes
                0x0000041c       0x1d C:/ST/STM32CubeIDE_1.19.0/STM32CubeIDE/plugins/com.st.stm32cube.ide.mcu.externaltools.gnu-tools-for-stm32.13.3.rel1.win32_1.0.0.202411081344/tools/bin/../lib/gcc/arm-none-eabi/13.3.1/thumb/v7-m/nofp\libgcc.a(_arm_addsubsf3.o)
 .ARM.attributes
                0x00000439       0x1d C:/ST/STM32CubeIDE_1.19.0/STM32CubeIDE/plugins/com.st.stm32cube.ide.mcu.externaltools.gnu-tools-for-stm32.13.3.rel1.win32_1.0.0.202411081344/tools/bin/../lib/gcc/arm-none-eabi/13.3.1/thumb/v7-m/nofp\libgcc.a(_arm_muldivsf3.o)
 .ARM.attributes
                0x00000456       0x1d C:/ST/STM32CubeIDE_1.19.0/STM32CubeIDE/plugins/com.st.stm32cube.ide.mcu.externaltools.gnu-tools-for-stm32.13.3.rel1.win32_1.0.0.202411081344/tools/bin/../lib/gcc/arm-none-eabi/13.3.1/thumb/v7-m/nofp\libgcc.a(_arm_cmpsf2.o)
 .ARM.attributes
                0x00000473       0x1d C:/ST/STM32CubeIDE_1.19.0/STM32CubeIDE/plugins/com.st.stm32cube.ide.mcu.externaltools.gnu-tools-for-stm32.13.3.rel1.win32_1.0.0.202411081344/tools/bin/../lib/gcc/arm-none-eabi/13.3.1/thumb/v7-m/nofp\libgcc.a(_arm_fixunssfsi.o)
 .ARM.attributes
                0x00000490       0x1d C:/ST/STM32CubeIDE_1.19.0/STM32CubeIDE/plugins/com.st.stm32cube.ide.mcu.externaltools.gnu-tools-for-stm32.13.3.rel1.win32_1.0.0.202411081344/tools/bin/../lib/gcc/arm-none-eabi/13.3.1/thumb/v7-m/nofp/crtn.o
OUTPUT(USART_HMI_gearh_pulse_pedal.elf elf32-littlearm)
LOAD linker stubs
LOAD C:/ST/STM32CubeIDE_1.19.0/STM32CubeIDE/plugins/com.st.stm32cube.ide.mcu.externaltools.gnu-tools-for-stm32.13.3.rel1.win32_1.0.0.202411081344/tools/bin/../lib/gcc/arm-none-eabi/13.3.1/../../../../arm-none-eabi/lib/thumb/v7-m/nofp\libc.a
LOAD C:/ST/STM32CubeIDE_1.19.0/STM32CubeIDE/plugins/com.st.stm32cube.ide.mcu.externaltools.gnu-tools-for-stm32.13.3.rel1.win32_1.0.0.202411081344/tools/bin/../lib/gcc/arm-none-eabi/13.3.1/../../../../arm-none-eabi/lib/thumb/v7-m/nofp\libm.a
LOAD C:/ST/STM32CubeIDE_1.19.0/STM32CubeIDE/plugins/com.st.stm32cube.ide.mcu.externaltools.gnu-tools-for-stm32.13.3.rel1.win32_1.0.0.202411081344/tools/bin/../lib/gcc/arm-none-eabi/13.3.1/thumb/v7-m/nofp\libgcc.a

.debug_info     0x00000000     0xd7d0
 .debug_info    0x00000000      0x18f ./Core/Src/foot_pedal_hal.o
 .debug_info    0x0000018f      0x18f ./Core/Src/gear_switch_hal.o
 .debug_info    0x0000031e      0x292 ./Core/Src/gpio.o
 .debug_info    0x000005b0      0xcdc ./Core/Src/main.o
 .debug_info    0x0000128c      0x709 ./Core/Src/pulse_control_hal.o
 .debug_info    0x00001995      0x8d0 ./Core/Src/pwm_hal.o
 .debug_info    0x00002265      0x1f1 ./Core/Src/stm32f1xx_hal_msp.o
 .debug_info    0x00002456      0x94c ./Core/Src/stm32f1xx_it.o
 .debug_info    0x00002da2      0x222 ./Core/Src/system_stm32f1xx.o
 .debug_info    0x00002fc4      0xbf4 ./Core/Src/tim.o
 .debug_info    0x00003bb8      0x92a ./Core/Src/usart.o
 .debug_info    0x000044e2       0x30 ./Core/Startup/startup_stm32f103c8tx.o
 .debug_info    0x00004512      0x704 ./Drivers/STM32F1xx_HAL_Driver/Src/stm32f1xx_hal.o
 .debug_info    0x00004c16      0xa87 ./Drivers/STM32F1xx_HAL_Driver/Src/stm32f1xx_hal_cortex.o
 .debug_info    0x0000569d      0x6d2 ./Drivers/STM32F1xx_HAL_Driver/Src/stm32f1xx_hal_dma.o
 .debug_info    0x00005d6f      0x5ab ./Drivers/STM32F1xx_HAL_Driver/Src/stm32f1xx_hal_gpio.o
 .debug_info    0x0000631a      0x7d5 ./Drivers/STM32F1xx_HAL_Driver/Src/stm32f1xx_hal_rcc.o
 .debug_info    0x00006aef     0x2959 ./Drivers/STM32F1xx_HAL_Driver/Src/stm32f1xx_hal_tim.o
 .debug_info    0x00009448     0x149b ./Drivers/STM32F1xx_HAL_Driver/Src/stm32f1xx_hal_tim_ex.o
 .debug_info    0x0000a8e3     0x2eed ./Drivers/STM32F1xx_HAL_Driver/Src/stm32f1xx_hal_uart.o

.debug_abbrev   0x00000000     0x254c
 .debug_abbrev  0x00000000       0xe4 ./Core/Src/foot_pedal_hal.o
 .debug_abbrev  0x000000e4       0xe4 ./Core/Src/gear_switch_hal.o
 .debug_abbrev  0x000001c8      0x122 ./Core/Src/gpio.o
 .debug_abbrev  0x000002ea      0x2df ./Core/Src/main.o
 .debug_abbrev  0x000005c9      0x1e9 ./Core/Src/pulse_control_hal.o
 .debug_abbrev  0x000007b2      0x209 ./Core/Src/pwm_hal.o
 .debug_abbrev  0x000009bb       0xdb ./Core/Src/stm32f1xx_hal_msp.o
 .debug_abbrev  0x00000a96      0x19b ./Core/Src/stm32f1xx_it.o
 .debug_abbrev  0x00000c31      0x13f ./Core/Src/system_stm32f1xx.o
 .debug_abbrev  0x00000d70      0x241 ./Core/Src/tim.o
 .debug_abbrev  0x00000fb1      0x205 ./Core/Src/usart.o
 .debug_abbrev  0x000011b6       0x24 ./Core/Startup/startup_stm32f103c8tx.o
 .debug_abbrev  0x000011da      0x201 ./Drivers/STM32F1xx_HAL_Driver/Src/stm32f1xx_hal.o
 .debug_abbrev  0x000013db      0x2f8 ./Drivers/STM32F1xx_HAL_Driver/Src/stm32f1xx_hal_cortex.o
 .debug_abbrev  0x000016d3      0x20b ./Drivers/STM32F1xx_HAL_Driver/Src/stm32f1xx_hal_dma.o
 .debug_abbrev  0x000018de      0x1ca ./Drivers/STM32F1xx_HAL_Driver/Src/stm32f1xx_hal_gpio.o
 .debug_abbrev  0x00001aa8      0x2b3 ./Drivers/STM32F1xx_HAL_Driver/Src/stm32f1xx_hal_rcc.o
 .debug_abbrev  0x00001d5b      0x277 ./Drivers/STM32F1xx_HAL_Driver/Src/stm32f1xx_hal_tim.o
 .debug_abbrev  0x00001fd2      0x282 ./Drivers/STM32F1xx_HAL_Driver/Src/stm32f1xx_hal_tim_ex.o
 .debug_abbrev  0x00002254      0x2f8 ./Drivers/STM32F1xx_HAL_Driver/Src/stm32f1xx_hal_uart.o

.debug_aranges  0x00000000      0xce0
 .debug_aranges
                0x00000000       0x20 ./Core/Src/foot_pedal_hal.o
 .debug_aranges
                0x00000020       0x20 ./Core/Src/gear_switch_hal.o
 .debug_aranges
                0x00000040       0x20 ./Core/Src/gpio.o
 .debug_aranges
                0x00000060       0x40 ./Core/Src/main.o
 .debug_aranges
                0x000000a0       0x38 ./Core/Src/pulse_control_hal.o
 .debug_aranges
                0x000000d8       0x38 ./Core/Src/pwm_hal.o
 .debug_aranges
                0x00000110       0x20 ./Core/Src/stm32f1xx_hal_msp.o
 .debug_aranges
                0x00000130       0x70 ./Core/Src/stm32f1xx_it.o
 .debug_aranges
                0x000001a0       0x28 ./Core/Src/system_stm32f1xx.o
 .debug_aranges
                0x000001c8       0x38 ./Core/Src/tim.o
 .debug_aranges
                0x00000200       0x30 ./Core/Src/usart.o
 .debug_aranges
                0x00000230       0x28 ./Core/Startup/startup_stm32f103c8tx.o
 .debug_aranges
                0x00000258       0xe0 ./Drivers/STM32F1xx_HAL_Driver/Src/stm32f1xx_hal.o
 .debug_aranges
                0x00000338      0x100 ./Drivers/STM32F1xx_HAL_Driver/Src/stm32f1xx_hal_cortex.o
 .debug_aranges
                0x00000438       0x80 ./Drivers/STM32F1xx_HAL_Driver/Src/stm32f1xx_hal_dma.o
 .debug_aranges
                0x000004b8       0x58 ./Drivers/STM32F1xx_HAL_Driver/Src/stm32f1xx_hal_gpio.o
 .debug_aranges
                0x00000510       0x90 ./Drivers/STM32F1xx_HAL_Driver/Src/stm32f1xx_hal_rcc.o
 .debug_aranges
                0x000005a0      0x3d0 ./Drivers/STM32F1xx_HAL_Driver/Src/stm32f1xx_hal_tim.o
 .debug_aranges
                0x00000970      0x168 ./Drivers/STM32F1xx_HAL_Driver/Src/stm32f1xx_hal_tim_ex.o
 .debug_aranges
                0x00000ad8      0x208 ./Drivers/STM32F1xx_HAL_Driver/Src/stm32f1xx_hal_uart.o

.debug_rnglists
                0x00000000      0x9fa
 .debug_rnglists
                0x00000000       0x13 ./Core/Src/foot_pedal_hal.o
 .debug_rnglists
                0x00000013       0x13 ./Core/Src/gear_switch_hal.o
 .debug_rnglists
                0x00000026       0x14 ./Core/Src/gpio.o
 .debug_rnglists
                0x0000003a       0x2e ./Core/Src/main.o
 .debug_rnglists
                0x00000068       0x25 ./Core/Src/pulse_control_hal.o
 .debug_rnglists
                0x0000008d       0x29 ./Core/Src/pwm_hal.o
 .debug_rnglists
                0x000000b6       0x13 ./Core/Src/stm32f1xx_hal_msp.o
 .debug_rnglists
                0x000000c9       0x4f ./Core/Src/stm32f1xx_it.o
 .debug_rnglists
                0x00000118       0x1a ./Core/Src/system_stm32f1xx.o
 .debug_rnglists
                0x00000132       0x27 ./Core/Src/tim.o
 .debug_rnglists
                0x00000159       0x20 ./Core/Src/usart.o
 .debug_rnglists
                0x00000179       0x19 ./Core/Startup/startup_stm32f103c8tx.o
 .debug_rnglists
                0x00000192       0xa3 ./Drivers/STM32F1xx_HAL_Driver/Src/stm32f1xx_hal.o
 .debug_rnglists
                0x00000235       0xbb ./Drivers/STM32F1xx_HAL_Driver/Src/stm32f1xx_hal_cortex.o
 .debug_rnglists
                0x000002f0       0x64 ./Drivers/STM32F1xx_HAL_Driver/Src/stm32f1xx_hal_dma.o
 .debug_rnglists
                0x00000354       0x3f ./Drivers/STM32F1xx_HAL_Driver/Src/stm32f1xx_hal_gpio.o
 .debug_rnglists
                0x00000393       0x6c ./Drivers/STM32F1xx_HAL_Driver/Src/stm32f1xx_hal_rcc.o
 .debug_rnglists
                0x000003ff      0x31a ./Drivers/STM32F1xx_HAL_Driver/Src/stm32f1xx_hal_tim.o
 .debug_rnglists
                0x00000719      0x125 ./Drivers/STM32F1xx_HAL_Driver/Src/stm32f1xx_hal_tim_ex.o
 .debug_rnglists
                0x0000083e      0x1bc ./Drivers/STM32F1xx_HAL_Driver/Src/stm32f1xx_hal_uart.o

.debug_macro    0x00000000    0x183b8
 .debug_macro   0x00000000      0x1b7 ./Core/Src/foot_pedal_hal.o
 .debug_macro   0x000001b7      0xacc ./Core/Src/foot_pedal_hal.o
 .debug_macro   0x00000c83      0x21b ./Core/Src/foot_pedal_hal.o
 .debug_macro   0x00000e9e       0x2e ./Core/Src/foot_pedal_hal.o
 .debug_macro   0x00000ecc       0x22 ./Core/Src/foot_pedal_hal.o
 .debug_macro   0x00000eee       0x22 ./Core/Src/foot_pedal_hal.o
 .debug_macro   0x00000f10       0x8e ./Core/Src/foot_pedal_hal.o
 .debug_macro   0x00000f9e       0x51 ./Core/Src/foot_pedal_hal.o
 .debug_macro   0x00000fef      0x103 ./Core/Src/foot_pedal_hal.o
 .debug_macro   0x000010f2       0x6a ./Core/Src/foot_pedal_hal.o
 .debug_macro   0x0000115c      0x1df ./Core/Src/foot_pedal_hal.o
 .debug_macro   0x0000133b       0x1c ./Core/Src/foot_pedal_hal.o
 .debug_macro   0x00001357       0x22 ./Core/Src/foot_pedal_hal.o
 .debug_macro   0x00001379       0xbd ./Core/Src/foot_pedal_hal.o
 .debug_macro   0x00001436      0xd23 ./Core/Src/foot_pedal_hal.o
 .debug_macro   0x00002159     0xe09e ./Core/Src/foot_pedal_hal.o
 .debug_macro   0x000101f7       0x6d ./Core/Src/foot_pedal_hal.o
 .debug_macro   0x00010264     0x34a2 ./Core/Src/foot_pedal_hal.o
 .debug_macro   0x00013706      0x190 ./Core/Src/foot_pedal_hal.o
 .debug_macro   0x00013896       0x5c ./Core/Src/foot_pedal_hal.o
 .debug_macro   0x000138f2      0x5bc ./Core/Src/foot_pedal_hal.o
 .debug_macro   0x00013eae      0x289 ./Core/Src/foot_pedal_hal.o
 .debug_macro   0x00014137      0x1cb ./Core/Src/foot_pedal_hal.o
 .debug_macro   0x00014302      0x114 ./Core/Src/foot_pedal_hal.o
 .debug_macro   0x00014416      0x1b2 ./Core/Src/foot_pedal_hal.o
 .debug_macro   0x000145c8       0x27 ./Core/Src/foot_pedal_hal.o
 .debug_macro   0x000145ef      0x136 ./Core/Src/foot_pedal_hal.o
 .debug_macro   0x00014725      0x1bc ./Core/Src/foot_pedal_hal.o
 .debug_macro   0x000148e1       0x34 ./Core/Src/foot_pedal_hal.o
 .debug_macro   0x00014915       0x3c ./Core/Src/foot_pedal_hal.o
 .debug_macro   0x00014951       0x57 ./Core/Src/foot_pedal_hal.o
 .debug_macro   0x000149a8       0x87 ./Core/Src/foot_pedal_hal.o
 .debug_macro   0x00014a2f      0x240 ./Core/Src/foot_pedal_hal.o
 .debug_macro   0x00014c6f      0x140 ./Core/Src/foot_pedal_hal.o
 .debug_macro   0x00014daf      0x8ed ./Core/Src/foot_pedal_hal.o
 .debug_macro   0x0001569c      0x28e ./Core/Src/foot_pedal_hal.o
 .debug_macro   0x0001592a       0x83 ./Core/Src/foot_pedal_hal.o
 .debug_macro   0x000159ad      0x1b7 ./Core/Src/gear_switch_hal.o
 .debug_macro   0x00015b64      0x1b7 ./Core/Src/gpio.o
 .debug_macro   0x00015d1b      0x30e ./Core/Src/main.o
 .debug_macro   0x00016029       0x61 ./Core/Src/main.o
 .debug_macro   0x0001608a       0x24 ./Core/Src/main.o
 .debug_macro   0x000160ae       0x43 ./Core/Src/main.o
 .debug_macro   0x000160f1       0x34 ./Core/Src/main.o
 .debug_macro   0x00016125       0x16 ./Core/Src/main.o
 .debug_macro   0x0001613b       0x3c ./Core/Src/main.o
 .debug_macro   0x00016177      0x370 ./Core/Src/main.o
 .debug_macro   0x000164e7       0x10 ./Core/Src/main.o
 .debug_macro   0x000164f7       0x16 ./Core/Src/main.o
 .debug_macro   0x0001650d       0x4a ./Core/Src/main.o
 .debug_macro   0x00016557       0x34 ./Core/Src/main.o
 .debug_macro   0x0001658b       0x10 ./Core/Src/main.o
 .debug_macro   0x0001659b       0x58 ./Core/Src/main.o
 .debug_macro   0x000165f3       0x8e ./Core/Src/main.o
 .debug_macro   0x00016681       0x1c ./Core/Src/main.o
 .debug_macro   0x0001669d      0x185 ./Core/Src/main.o
 .debug_macro   0x00016822       0x16 ./Core/Src/main.o
 .debug_macro   0x00016838       0x16 ./Core/Src/main.o
 .debug_macro   0x0001684e      0x146 ./Core/Src/main.o
 .debug_macro   0x00016994       0x2e ./Core/Src/main.o
 .debug_macro   0x000169c2       0x16 ./Core/Src/main.o
 .debug_macro   0x000169d8       0x20 ./Core/Src/main.o
 .debug_macro   0x000169f8      0x1cb ./Core/Src/pulse_control_hal.o
 .debug_macro   0x00016bc3      0x1c5 ./Core/Src/pwm_hal.o
 .debug_macro   0x00016d88      0x1ad ./Core/Src/stm32f1xx_hal_msp.o
 .debug_macro   0x00016f35      0x1b7 ./Core/Src/stm32f1xx_it.o
 .debug_macro   0x000170ec      0x1a3 ./Core/Src/system_stm32f1xx.o
 .debug_macro   0x0001728f      0x1b7 ./Core/Src/tim.o
 .debug_macro   0x00017446      0x1b7 ./Core/Src/usart.o
 .debug_macro   0x000175fd      0x1c7 ./Drivers/STM32F1xx_HAL_Driver/Src/stm32f1xx_hal.o
 .debug_macro   0x000177c4      0x1a3 ./Drivers/STM32F1xx_HAL_Driver/Src/stm32f1xx_hal_cortex.o
 .debug_macro   0x00017967      0x1a3 ./Drivers/STM32F1xx_HAL_Driver/Src/stm32f1xx_hal_dma.o
 .debug_macro   0x00017b0a      0x20e ./Drivers/STM32F1xx_HAL_Driver/Src/stm32f1xx_hal_gpio.o
 .debug_macro   0x00017d18      0x1b5 ./Drivers/STM32F1xx_HAL_Driver/Src/stm32f1xx_hal_rcc.o
 .debug_macro   0x00017ecd      0x1a4 ./Drivers/STM32F1xx_HAL_Driver/Src/stm32f1xx_hal_tim.o
 .debug_macro   0x00018071      0x1a3 ./Drivers/STM32F1xx_HAL_Driver/Src/stm32f1xx_hal_tim_ex.o
 .debug_macro   0x00018214      0x1a4 ./Drivers/STM32F1xx_HAL_Driver/Src/stm32f1xx_hal_uart.o

.debug_line     0x00000000    0x10370
 .debug_line    0x00000000      0x717 ./Core/Src/foot_pedal_hal.o
 .debug_line    0x00000717      0x719 ./Core/Src/gear_switch_hal.o
 .debug_line    0x00000e30      0x712 ./Core/Src/gpio.o
 .debug_line    0x00001542      0xae3 ./Core/Src/main.o
 .debug_line    0x00002025      0x7af ./Core/Src/pulse_control_hal.o
 .debug_line    0x000027d4      0x850 ./Core/Src/pwm_hal.o
 .debug_line    0x00003024      0x6fd ./Core/Src/stm32f1xx_hal_msp.o
 .debug_line    0x00003721      0x7db ./Core/Src/stm32f1xx_it.o
 .debug_line    0x00003efc      0x77b ./Core/Src/system_stm32f1xx.o
 .debug_line    0x00004677      0x7f6 ./Core/Src/tim.o
 .debug_line    0x00004e6d      0x773 ./Core/Src/usart.o
 .debug_line    0x000055e0       0x78 ./Core/Startup/startup_stm32f103c8tx.o
 .debug_line    0x00005658      0x9ac ./Drivers/STM32F1xx_HAL_Driver/Src/stm32f1xx_hal.o
 .debug_line    0x00006004      0xb76 ./Drivers/STM32F1xx_HAL_Driver/Src/stm32f1xx_hal_cortex.o
 .debug_line    0x00006b7a      0xdb6 ./Drivers/STM32F1xx_HAL_Driver/Src/stm32f1xx_hal_dma.o
 .debug_line    0x00007930      0xa09 ./Drivers/STM32F1xx_HAL_Driver/Src/stm32f1xx_hal_gpio.o
 .debug_line    0x00008339      0xe65 ./Drivers/STM32F1xx_HAL_Driver/Src/stm32f1xx_hal_rcc.o
 .debug_line    0x0000919e     0x349a ./Drivers/STM32F1xx_HAL_Driver/Src/stm32f1xx_hal_tim.o
 .debug_line    0x0000c638     0x1870 ./Drivers/STM32F1xx_HAL_Driver/Src/stm32f1xx_hal_tim_ex.o
 .debug_line    0x0000dea8     0x24c8 ./Drivers/STM32F1xx_HAL_Driver/Src/stm32f1xx_hal_uart.o

.debug_str      0x00000000    0x8a4ed
 .debug_str     0x00000000    0x8a4ed ./Core/Src/foot_pedal_hal.o
                              0x837ad (size before relaxing)
 .debug_str     0x0008a4ed    0x837ad ./Core/Src/gear_switch_hal.o
 .debug_str     0x0008a4ed    0x837c5 ./Core/Src/gpio.o
 .debug_str     0x0008a4ed    0x87aae ./Core/Src/main.o
 .debug_str     0x0008a4ed    0x83d26 ./Core/Src/pulse_control_hal.o
 .debug_str     0x0008a4ed    0x83da4 ./Core/Src/pwm_hal.o
 .debug_str     0x0008a4ed    0x83789 ./Core/Src/stm32f1xx_hal_msp.o
 .debug_str     0x0008a4ed    0x83ee2 ./Core/Src/stm32f1xx_it.o
 .debug_str     0x0008a4ed    0x837b4 ./Core/Src/system_stm32f1xx.o
 .debug_str     0x0008a4ed    0x841ea ./Core/Src/tim.o
 .debug_str     0x0008a4ed    0x83f64 ./Core/Src/usart.o
 .debug_str     0x0008a4ed       0x8f ./Core/Startup/startup_stm32f103c8tx.o
 .debug_str     0x0008a4ed    0x83ee1 ./Drivers/STM32F1xx_HAL_Driver/Src/stm32f1xx_hal.o
 .debug_str     0x0008a4ed    0x83e2d ./Drivers/STM32F1xx_HAL_Driver/Src/stm32f1xx_hal_cortex.o
 .debug_str     0x0008a4ed    0x83b57 ./Drivers/STM32F1xx_HAL_Driver/Src/stm32f1xx_hal_dma.o
 .debug_str     0x0008a4ed    0x83b34 ./Drivers/STM32F1xx_HAL_Driver/Src/stm32f1xx_hal_gpio.o
 .debug_str     0x0008a4ed    0x83bdd ./Drivers/STM32F1xx_HAL_Driver/Src/stm32f1xx_hal_rcc.o
 .debug_str     0x0008a4ed    0x84bdf ./Drivers/STM32F1xx_HAL_Driver/Src/stm32f1xx_hal_tim.o
 .debug_str     0x0008a4ed    0x843eb ./Drivers/STM32F1xx_HAL_Driver/Src/stm32f1xx_hal_tim_ex.o
 .debug_str     0x0008a4ed    0x8424e ./Drivers/STM32F1xx_HAL_Driver/Src/stm32f1xx_hal_uart.o

.comment        0x00000000       0x43
 .comment       0x00000000       0x43 ./Core/Src/foot_pedal_hal.o
                                 0x44 (size before relaxing)
 .comment       0x00000043       0x44 ./Core/Src/gear_switch_hal.o
 .comment       0x00000043       0x44 ./Core/Src/gpio.o
 .comment       0x00000043       0x44 ./Core/Src/main.o
 .comment       0x00000043       0x44 ./Core/Src/pulse_control_hal.o
 .comment       0x00000043       0x44 ./Core/Src/pwm_hal.o
 .comment       0x00000043       0x44 ./Core/Src/stm32f1xx_hal_msp.o
 .comment       0x00000043       0x44 ./Core/Src/stm32f1xx_it.o
 .comment       0x00000043       0x44 ./Core/Src/system_stm32f1xx.o
 .comment       0x00000043       0x44 ./Core/Src/tim.o
 .comment       0x00000043       0x44 ./Core/Src/usart.o
 .comment       0x00000043       0x44 ./Drivers/STM32F1xx_HAL_Driver/Src/stm32f1xx_hal.o
 .comment       0x00000043       0x44 ./Drivers/STM32F1xx_HAL_Driver/Src/stm32f1xx_hal_cortex.o
 .comment       0x00000043       0x44 ./Drivers/STM32F1xx_HAL_Driver/Src/stm32f1xx_hal_dma.o
 .comment       0x00000043       0x44 ./Drivers/STM32F1xx_HAL_Driver/Src/stm32f1xx_hal_gpio.o
 .comment       0x00000043       0x44 ./Drivers/STM32F1xx_HAL_Driver/Src/stm32f1xx_hal_rcc.o
 .comment       0x00000043       0x44 ./Drivers/STM32F1xx_HAL_Driver/Src/stm32f1xx_hal_tim.o
 .comment       0x00000043       0x44 ./Drivers/STM32F1xx_HAL_Driver/Src/stm32f1xx_hal_tim_ex.o
 .comment       0x00000043       0x44 ./Drivers/STM32F1xx_HAL_Driver/Src/stm32f1xx_hal_uart.o

.debug_frame    0x00000000     0x3508
 .debug_frame   0x00000000       0x2c ./Core/Src/foot_pedal_hal.o
 .debug_frame   0x0000002c       0x2c ./Core/Src/gear_switch_hal.o
 .debug_frame   0x00000058       0x34 ./Core/Src/gpio.o
 .debug_frame   0x0000008c       0xb4 ./Core/Src/main.o
 .debug_frame   0x00000140       0x8c ./Core/Src/pulse_control_hal.o
 .debug_frame   0x000001cc       0xa4 ./Core/Src/pwm_hal.o
 .debug_frame   0x00000270       0x38 ./Core/Src/stm32f1xx_hal_msp.o
 .debug_frame   0x000002a8      0x13c ./Core/Src/stm32f1xx_it.o
 .debug_frame   0x000003e4       0x58 ./Core/Src/system_stm32f1xx.o
 .debug_frame   0x0000043c       0xa0 ./Core/Src/tim.o
 .debug_frame   0x000004dc       0x74 ./Core/Src/usart.o
 .debug_frame   0x00000550      0x334 ./Drivers/STM32F1xx_HAL_Driver/Src/stm32f1xx_hal.o
 .debug_frame   0x00000884      0x428 ./Drivers/STM32F1xx_HAL_Driver/Src/stm32f1xx_hal_cortex.o
 .debug_frame   0x00000cac      0x208 ./Drivers/STM32F1xx_HAL_Driver/Src/stm32f1xx_hal_dma.o
 .debug_frame   0x00000eb4      0x14c ./Drivers/STM32F1xx_HAL_Driver/Src/stm32f1xx_hal_gpio.o
 .debug_frame   0x00001000      0x218 ./Drivers/STM32F1xx_HAL_Driver/Src/stm32f1xx_hal_rcc.o
 .debug_frame   0x00001218     0x11b8 ./Drivers/STM32F1xx_HAL_Driver/Src/stm32f1xx_hal_tim.o
 .debug_frame   0x000023d0      0x638 ./Drivers/STM32F1xx_HAL_Driver/Src/stm32f1xx_hal_tim_ex.o
 .debug_frame   0x00002a08      0x944 ./Drivers/STM32F1xx_HAL_Driver/Src/stm32f1xx_hal_uart.o
 .debug_frame   0x0000334c       0x20 C:/ST/STM32CubeIDE_1.19.0/STM32CubeIDE/plugins/com.st.stm32cube.ide.mcu.externaltools.gnu-tools-for-stm32.13.3.rel1.win32_1.0.0.202411081344/tools/bin/../lib/gcc/arm-none-eabi/13.3.1/../../../../arm-none-eabi/lib/thumb/v7-m/nofp\libc_nano.a(libc_a-memset.o)
 .debug_frame   0x0000336c       0x2c C:/ST/STM32CubeIDE_1.19.0/STM32CubeIDE/plugins/com.st.stm32cube.ide.mcu.externaltools.gnu-tools-for-stm32.13.3.rel1.win32_1.0.0.202411081344/tools/bin/../lib/gcc/arm-none-eabi/13.3.1/../../../../arm-none-eabi/lib/thumb/v7-m/nofp\libc_nano.a(libc_a-init.o)
 .debug_frame   0x00003398       0x4c C:/ST/STM32CubeIDE_1.19.0/STM32CubeIDE/plugins/com.st.stm32cube.ide.mcu.externaltools.gnu-tools-for-stm32.13.3.rel1.win32_1.0.0.202411081344/tools/bin/../lib/gcc/arm-none-eabi/13.3.1/thumb/v7-m/nofp\libgcc.a(_arm_addsubsf3.o)
 .debug_frame   0x000033e4       0x38 C:/ST/STM32CubeIDE_1.19.0/STM32CubeIDE/plugins/com.st.stm32cube.ide.mcu.externaltools.gnu-tools-for-stm32.13.3.rel1.win32_1.0.0.202411081344/tools/bin/../lib/gcc/arm-none-eabi/13.3.1/thumb/v7-m/nofp\libgcc.a(_arm_muldivsf3.o)
 .debug_frame   0x0000341c       0xc8 C:/ST/STM32CubeIDE_1.19.0/STM32CubeIDE/plugins/com.st.stm32cube.ide.mcu.externaltools.gnu-tools-for-stm32.13.3.rel1.win32_1.0.0.202411081344/tools/bin/../lib/gcc/arm-none-eabi/13.3.1/thumb/v7-m/nofp\libgcc.a(_arm_cmpsf2.o)
 .debug_frame   0x000034e4       0x24 C:/ST/STM32CubeIDE_1.19.0/STM32CubeIDE/plugins/com.st.stm32cube.ide.mcu.externaltools.gnu-tools-for-stm32.13.3.rel1.win32_1.0.0.202411081344/tools/bin/../lib/gcc/arm-none-eabi/13.3.1/thumb/v7-m/nofp\libgcc.a(_arm_fixunssfsi.o)

.debug_line_str
                0x00000000       0x73
 .debug_line_str
                0x00000000       0x73 ./Core/Startup/startup_stm32f103c8tx.o
