Archive member included to satisfy reference by file (symbol)

C:/ST/STM32CubeIDE_1.19.0/STM32CubeIDE/plugins/com.st.stm32cube.ide.mcu.externaltools.gnu-tools-for-stm32.13.3.rel1.win32_1.0.0.202411081344/tools/bin/../lib/gcc/arm-none-eabi/13.3.1/../../../../arm-none-eabi/lib/thumb/v7-m/nofp\libc_nano.a(libc_a-exit.o)
                              C:/ST/STM32CubeIDE_1.19.0/STM32CubeIDE/plugins/com.st.stm32cube.ide.mcu.externaltools.gnu-tools-for-stm32.13.3.rel1.win32_1.0.0.202411081344/tools/bin/../lib/gcc/arm-none-eabi/13.3.1/../../../../arm-none-eabi/lib/thumb/v7-m/nofp/crt0.o (exit)
C:/ST/STM32CubeIDE_1.19.0/STM32CubeIDE/plugins/com.st.stm32cube.ide.mcu.externaltools.gnu-tools-for-stm32.13.3.rel1.win32_1.0.0.202411081344/tools/bin/../lib/gcc/arm-none-eabi/13.3.1/../../../../arm-none-eabi/lib/thumb/v7-m/nofp\libc_nano.a(libc_a-findfp.o)
                              C:/ST/STM32CubeIDE_1.19.0/STM32CubeIDE/plugins/com.st.stm32cube.ide.mcu.externaltools.gnu-tools-for-stm32.13.3.rel1.win32_1.0.0.202411081344/tools/bin/../lib/gcc/arm-none-eabi/13.3.1/../../../../arm-none-eabi/lib/thumb/v7-m/nofp\libc_nano.a(libc_a-exit.o) (__stdio_exit_handler)
C:/ST/STM32CubeIDE_1.19.0/STM32CubeIDE/plugins/com.st.stm32cube.ide.mcu.externaltools.gnu-tools-for-stm32.13.3.rel1.win32_1.0.0.202411081344/tools/bin/../lib/gcc/arm-none-eabi/13.3.1/../../../../arm-none-eabi/lib/thumb/v7-m/nofp\libc_nano.a(libc_a-fwalk.o)
                              C:/ST/STM32CubeIDE_1.19.0/STM32CubeIDE/plugins/com.st.stm32cube.ide.mcu.externaltools.gnu-tools-for-stm32.13.3.rel1.win32_1.0.0.202411081344/tools/bin/../lib/gcc/arm-none-eabi/13.3.1/../../../../arm-none-eabi/lib/thumb/v7-m/nofp\libc_nano.a(libc_a-findfp.o) (_fwalk_sglue)
C:/ST/STM32CubeIDE_1.19.0/STM32CubeIDE/plugins/com.st.stm32cube.ide.mcu.externaltools.gnu-tools-for-stm32.13.3.rel1.win32_1.0.0.202411081344/tools/bin/../lib/gcc/arm-none-eabi/13.3.1/../../../../arm-none-eabi/lib/thumb/v7-m/nofp\libc_nano.a(libc_a-stdio.o)
                              C:/ST/STM32CubeIDE_1.19.0/STM32CubeIDE/plugins/com.st.stm32cube.ide.mcu.externaltools.gnu-tools-for-stm32.13.3.rel1.win32_1.0.0.202411081344/tools/bin/../lib/gcc/arm-none-eabi/13.3.1/../../../../arm-none-eabi/lib/thumb/v7-m/nofp\libc_nano.a(libc_a-findfp.o) (__sread)
C:/ST/STM32CubeIDE_1.19.0/STM32CubeIDE/plugins/com.st.stm32cube.ide.mcu.externaltools.gnu-tools-for-stm32.13.3.rel1.win32_1.0.0.202411081344/tools/bin/../lib/gcc/arm-none-eabi/13.3.1/../../../../arm-none-eabi/lib/thumb/v7-m/nofp\libc_nano.a(libc_a-memset.o)
                              C:/ST/STM32CubeIDE_1.19.0/STM32CubeIDE/plugins/com.st.stm32cube.ide.mcu.externaltools.gnu-tools-for-stm32.13.3.rel1.win32_1.0.0.202411081344/tools/bin/../lib/gcc/arm-none-eabi/13.3.1/../../../../arm-none-eabi/lib/thumb/v7-m/nofp/crt0.o (memset)
C:/ST/STM32CubeIDE_1.19.0/STM32CubeIDE/plugins/com.st.stm32cube.ide.mcu.externaltools.gnu-tools-for-stm32.13.3.rel1.win32_1.0.0.202411081344/tools/bin/../lib/gcc/arm-none-eabi/13.3.1/../../../../arm-none-eabi/lib/thumb/v7-m/nofp\libc_nano.a(libc_a-closer.o)
                              C:/ST/STM32CubeIDE_1.19.0/STM32CubeIDE/plugins/com.st.stm32cube.ide.mcu.externaltools.gnu-tools-for-stm32.13.3.rel1.win32_1.0.0.202411081344/tools/bin/../lib/gcc/arm-none-eabi/13.3.1/../../../../arm-none-eabi/lib/thumb/v7-m/nofp\libc_nano.a(libc_a-stdio.o) (_close_r)
C:/ST/STM32CubeIDE_1.19.0/STM32CubeIDE/plugins/com.st.stm32cube.ide.mcu.externaltools.gnu-tools-for-stm32.13.3.rel1.win32_1.0.0.202411081344/tools/bin/../lib/gcc/arm-none-eabi/13.3.1/../../../../arm-none-eabi/lib/thumb/v7-m/nofp\libc_nano.a(libc_a-reent.o)
                              C:/ST/STM32CubeIDE_1.19.0/STM32CubeIDE/plugins/com.st.stm32cube.ide.mcu.externaltools.gnu-tools-for-stm32.13.3.rel1.win32_1.0.0.202411081344/tools/bin/../lib/gcc/arm-none-eabi/13.3.1/../../../../arm-none-eabi/lib/thumb/v7-m/nofp\libc_nano.a(libc_a-closer.o) (errno)
C:/ST/STM32CubeIDE_1.19.0/STM32CubeIDE/plugins/com.st.stm32cube.ide.mcu.externaltools.gnu-tools-for-stm32.13.3.rel1.win32_1.0.0.202411081344/tools/bin/../lib/gcc/arm-none-eabi/13.3.1/../../../../arm-none-eabi/lib/thumb/v7-m/nofp\libc_nano.a(libc_a-impure.o)
                              C:/ST/STM32CubeIDE_1.19.0/STM32CubeIDE/plugins/com.st.stm32cube.ide.mcu.externaltools.gnu-tools-for-stm32.13.3.rel1.win32_1.0.0.202411081344/tools/bin/../lib/gcc/arm-none-eabi/13.3.1/../../../../arm-none-eabi/lib/thumb/v7-m/nofp\libc_nano.a(libc_a-reent.o) (_impure_ptr)
C:/ST/STM32CubeIDE_1.19.0/STM32CubeIDE/plugins/com.st.stm32cube.ide.mcu.externaltools.gnu-tools-for-stm32.13.3.rel1.win32_1.0.0.202411081344/tools/bin/../lib/gcc/arm-none-eabi/13.3.1/../../../../arm-none-eabi/lib/thumb/v7-m/nofp\libc_nano.a(libc_a-lseekr.o)
[...]
Memory Configuration

Name             Origin             Length             Attributes
RAM              0x20000000         0x00005000         xrw
FLASH            0x08000000         0x00010000         xr
*default*        0x00000000         0xffffffff

Linker script and memory map

LOAD C:/ST/STM32CubeIDE_1.19.0/STM32CubeIDE/plugins/com.st.stm32cube.ide.mcu.externaltools.gnu-tools-for-stm32.13.3.rel1.win32_1.0.0.202411081344/tools/bin/../lib/gcc/arm-none-eabi/13.3.1/thumb/v7-m/nofp/crti.o
LOAD C:/ST/STM32CubeIDE_1.19.0/STM32CubeIDE/plugins/com.st.stm32cube.ide.mcu.externaltools.gnu-tools-for-stm32.13.3.rel1.win32_1.0.0.202411081344/tools/bin/../lib/gcc/arm-none-eabi/13.3.1/thumb/v7-m/nofp/crtbegin.o
LOAD C:/ST/STM32CubeIDE_1.19.0/STM32CubeIDE/plugins/com.st.stm32cube.ide.mcu.externaltools.gnu-tools-for-stm32.13.3.rel1.win32_1.0.0.202411081344/tools/bin/../lib/gcc/arm-none-eabi/13.3.1/../../../../arm-none-eabi/lib/thumb/v7-m/nofp/crt0.o
LOAD ./Core/Src/gear_switch_hal.o
LOAD ./Core/Src/gpio.o
LOAD ./Core/Src/main.o
LOAD ./Core/Src/pulse_control_hal.o
LOAD ./Core/Src/pwm_hal.o
LOAD ./Core/Src/stm32f1xx_hal_msp.o
LOAD ./Core/Src/stm32f1xx_it.o
LOAD ./Core/Src/syscalls.o
LOAD ./Core/Src/sysmem.o
LOAD ./Core/Src/system_stm32f1xx.o
LOAD ./Core/Src/tim.o
LOAD ./Core/Src/tjc_usart_hmi.o
LOAD ./Core/Src/usart.o
LOAD ./Core/Startup/startup_stm32f103c8tx.o
LOAD ./Drivers/STM32F1xx_HAL_Driver/Src/stm32f1xx_hal.o
LOAD ./Drivers/STM32F1xx_HAL_Driver/Src/stm32f1xx_hal_cortex.o
LOAD ./Drivers/STM32F1xx_HAL_Driver/Src/stm32f1xx_hal_dma.o
LOAD ./Drivers/STM32F1xx_HAL_Driver/Src/stm32f1xx_hal_exti.o
LOAD ./Drivers/STM32F1xx_HAL_Driver/Src/stm32f1xx_hal_flash.o
LOAD ./Drivers/STM32F1xx_HAL_Driver/Src/stm32f1xx_hal_flash_ex.o
LOAD ./Drivers/STM32F1xx_HAL_Driver/Src/stm32f1xx_hal_gpio.o
LOAD ./Drivers/STM32F1xx_HAL_Driver/Src/stm32f1xx_hal_gpio_ex.o
LOAD ./Drivers/STM32F1xx_HAL_Driver/Src/stm32f1xx_hal_pwr.o
LOAD ./Drivers/STM32F1xx_HAL_Driver/Src/stm32f1xx_hal_rcc.o
LOAD ./Drivers/STM32F1xx_HAL_Driver/Src/stm32f1xx_hal_rcc_ex.o
LOAD ./Drivers/STM32F1xx_HAL_Driver/Src/stm32f1xx_hal_tim.o
LOAD ./Drivers/STM32F1xx_HAL_Driver/Src/stm32f1xx_hal_tim_ex.o
LOAD ./Drivers/STM32F1xx_HAL_Driver/Src/stm32f1xx_hal_uart.o
START GROUP
LOAD C:/ST/STM32CubeIDE_1.19.0/STM32CubeIDE/plugins/com.st.stm32cube.ide.mcu.externaltools.gnu-tools-for-stm32.13.3.rel1.win32_1.0.0.202411081344/tools/bin/../lib/gcc/arm-none-eabi/13.3.1/../../../../arm-none-eabi/lib/thumb/v7-m/nofp\libc_nano.a
LOAD C:/ST/STM32CubeIDE_1.19.0/STM32CubeIDE/plugins/com.st.stm32cube.ide.mcu.externaltools.gnu-tools-for-stm32.13.3.rel1.win32_1.0.0.202411081344/tools/bin/../lib/gcc/arm-none-eabi/13.3.1/../../../../arm-none-eabi/lib/thumb/v7-m/nofp\libm.a
END GROUP
START GROUP
LOAD C:/ST/STM32CubeIDE_1.19.0/STM32CubeIDE/plugins/com.st.stm32cube.ide.mcu.externaltools.gnu-tools-for-stm32.13.3.rel1.win32_1.0.0.202411081344/tools/bin/../lib/gcc/arm-none-eabi/13.3.1/thumb/v7-m/nofp\libgcc.a
LOAD C:/ST/STM32CubeIDE_1.19.0/STM32CubeIDE/plugins/com.st.stm32cube.ide.mcu.externaltools.gnu-tools-for-stm32.13.3.rel1.win32_1.0.0.202411081344/tools/bin/../lib/gcc/arm-none-eabi/13.3.1/../../../../arm-none-eabi/lib/thumb/v7-m/nofp\libc_nano.a
END GROUP
START GROUP
LOAD C:/ST/STM32CubeIDE_1.19.0/STM32CubeIDE/plugins/com.st.stm32cube.ide.mcu.externaltools.gnu-tools-for-stm32.13.3.rel1.win32_1.0.0.202411081344/tools/bin/../lib/gcc/arm-none-eabi/13.3.1/thumb/v7-m/nofp\libgcc.a
LOAD C:/ST/STM32CubeIDE_1.19.0/STM32CubeIDE/plugins/com.st.stm32cube.ide.mcu.externaltools.gnu-tools-for-stm32.13.3.rel1.win32_1.0.0.202411081344/tools/bin/../lib/gcc/arm-none-eabi/13.3.1/../../../../arm-none-eabi/lib/thumb/v7-m/nofp\libc_nano.a
LOAD C:/ST/STM32CubeIDE_1.19.0/STM32CubeIDE/plugins/com.st.stm32cube.ide.mcu.externaltools.gnu-tools-for-stm32.13.3.rel1.win32_1.0.0.202411081344/tools/bin/../lib/gcc/arm-none-eabi/13.3.1/../../../../arm-none-eabi/lib/thumb/v7-m/nofp\libnosys.a
END GROUP
START GROUP
LOAD C:/ST/STM32CubeIDE_1.19.0/STM32CubeIDE/plugins/com.st.stm32cube.ide.mcu.externaltools.gnu-tools-for-stm32.13.3.rel1.win32_1.0.0.202411081344/tools/bin/../lib/gcc/arm-none-eabi/13.3.1/thumb/v7-m/nofp\libgcc.a
LOAD C:/ST/STM32CubeIDE_1.19.0/STM32CubeIDE/plugins/com.st.stm32cube.ide.mcu.externaltools.gnu-tools-for-stm32.13.3.rel1.win32_1.0.0.202411081344/tools/bin/../lib/gcc/arm-none-eabi/13.3.1/../../../../arm-none-eabi/lib/thumb/v7-m/nofp\libc_nano.a
LOAD C:/ST/STM32CubeIDE_1.19.0/STM32CubeIDE/plugins/com.st.stm32cube.ide.mcu.externaltools.gnu-tools-for-stm32.13.3.rel1.win32_1.0.0.202411081344/tools/bin/../lib/gcc/arm-none-eabi/13.3.1/../../../../arm-none-eabi/lib/thumb/v7-m/nofp\libnosys.a
END GROUP
LOAD C:/ST/STM32CubeIDE_1.19.0/STM32CubeIDE/plugins/com.st.stm32cube.ide.mcu.externaltools.gnu-tools-for-stm32.13.3.rel1.win32_1.0.0.202411081344/tools/bin/../lib/gcc/arm-none-eabi/13.3.1/thumb/v7-m/nofp/crtend.o
LOAD C:/ST/STM32CubeIDE_1.19.0/STM32CubeIDE/plugins/com.st.stm32cube.ide.mcu.externaltools.gnu-tools-for-stm32.13.3.rel1.win32_1.0.0.202411081344/tools/bin/../lib/gcc/arm-none-eabi/13.3.1/thumb/v7-m/nofp/crtn.o
                0x20005000                        _estack = (ORIGIN (RAM) + LENGTH (RAM))
                0x00000200                        _Min_Heap_Size = 0x200
                0x00000400                        _Min_Stack_Size = 0x400

.isr_vector     0x08000000      0x10c
                0x08000000                        . = ALIGN (0x4)
 *(.isr_vector)
 .isr_vector    0x08000000      0x10c ./Core/Startup/startup_stm32f103c8tx.o
                0x08000000                g_pfnVectors
                0x0800010c                        . = ALIGN (0x4)

.text           0x0800010c     0x3cc0
                0x0800010c                        . = ALIGN (0x4)
 *(.text)
 .text          0x0800010c       0x40 C:/ST/STM32CubeIDE_1.19.0/STM32CubeIDE/plugins/com.st.stm32cube.ide.mcu.externaltools.gnu-tools-for-stm32.13.3.rel1.win32_1.0.0.202411081344/tools/bin/../lib/gcc/arm-none-eabi/13.3.1/thumb/v7-m/nofp/crtbegin.o
 .text          0x0800014c      0x21c C:/ST/STM32CubeIDE_1.19.0/STM32CubeIDE/plugins/com.st.stm32cube.ide.mcu.externaltools.gnu-tools-for-stm32.13.3.rel1.win32_1.0.0.202411081344/tools/bin/../lib/gcc/arm-none-eabi/13.3.1/thumb/v7-m/nofp\libgcc.a(_arm_addsubsf3.o)
                0x0800014c                __aeabi_frsub
                0x08000154                __subsf3
                0x08000154                __aeabi_fsub
                0x08000158                __aeabi_fadd
                0x08000158                __addsf3
                0x080002b8                __aeabi_ui2f
                0x080002b8                __floatunsisf
                0x080002c0                __aeabi_i2f
                0x080002c0                __floatsisf
                0x080002dc                __aeabi_ul2f
                0x080002dc                __floatundisf
                0x080002ec                __aeabi_l2f
                0x080002ec                __floatdisf
 .text          0x08000368      0x2a0 C:/ST/STM32CubeIDE_1.19.0/STM32CubeIDE/plugins/com.st.stm32cube.ide.mcu.externaltools.gnu-tools-for-stm32.13.3.rel1.win32_1.0.0.202411081344/tools/bin/../lib/gcc/arm-none-eabi/13.3.1/thumb/v7-m/nofp\libgcc.a(_arm_muldivsf3.o)
                0x08000368                __mulsf3
                0x08000368                __aeabi_fmul
                0x080004d0                __aeabi_fdiv
                0x080004d0                __divsf3
 .text          0x08000608       0xec C:/ST/STM32CubeIDE_1.19.0/STM32CubeIDE/plugins/com.st.stm32cube.ide.mcu.externaltools.gnu-tools-for-stm32.13.3.rel1.win32_1.0.0.202411081344/tools/bin/../lib/gcc/arm-none-eabi/13.3.1/thumb/v7-m/nofp\libgcc.a(_arm_cmpsf2.o)
                0x08000608                __gesf2
                0x08000608                __gtsf2
                0x08000610                __lesf2
                0x08000610                __ltsf2
                0x08000618                __nesf2
                0x08000618                __eqsf2
                0x08000618                __cmpsf2
                0x08000678                __aeabi_cfrcmple
                0x08000680                __aeabi_cfcmpeq
                0x08000680                __aeabi_cfcmple
                0x08000690                __aeabi_fcmpeq
                0x080006a4                __aeabi_fcmplt
                0x080006b8                __aeabi_fcmple
                0x080006cc                __aeabi_fcmpge
                0x080006e0                __aeabi_fcmpgt
 .text          0x080006f4       0x40 C:/ST/STM32CubeIDE_1.19.0/STM32CubeIDE/plugins/com.st.stm32cube.ide.mcu.externaltools.gnu-tools-for-stm32.13.3.rel1.win32_1.0.0.202411081344/tools/bin/../lib/gcc/arm-none-eabi/13.3.1/thumb/v7-m/nofp\libgcc.a(_arm_fixunssfsi.o)
                0x080006f4                __fixunssfsi
                0x080006f4                __aeabi_f2uiz
 *(.text*)
 .text.Gear_GetSelection_HAL
                0x08000734       0x24 ./Core/Src/gear_switch_hal.o
                0x08000734                Gear_GetSelection_HAL
 .text.MX_GPIO_Init
                0x08000758       0xa0 ./Core/Src/gpio.o
                0x08000758                MX_GPIO_Init
 .text.HAL_UART_RxCpltCallback
                0x080007f8      0x1d0 ./Core/Src/main.o
                0x080007f8                HAL_UART_RxCpltCallback
 .text.main     0x080009c8       0x50 ./Core/Src/main.o
                0x080009c8                main
 .text.SystemClock_Config
                0x08000a18       0x8a ./Core/Src/main.o
                0x08000a18                SystemClock_Config
 *fill*         0x08000aa2        0x2 
 .text.HAL_TIM_PeriodElapsedCallback
                0x08000aa4       0x24 ./Core/Src/main.o
                0x08000aa4                HAL_TIM_PeriodElapsedCallback
 .text.Error_Handler
                0x08000ac8        0xc ./Core/Src/main.o
                0x08000ac8                Error_Handler
 .text.PulseControl_Start_HAL
                0x08000ad4       0x68 ./Core/Src/pulse_control_hal.o
                0x08000ad4                PulseControl_Start_HAL
 .text.PulseControl_Stop_HAL
                0x08000b3c       0x2c ./Core/Src/pulse_control_hal.o
                0x08000b3c                PulseControl_Stop_HAL
 .text.PulseControl_TIM_IRQ_Handler
                0x08000b68       0x38 ./Core/Src/pulse_control_hal.o
                0x08000b68                PulseControl_TIM_IRQ_Handler
 .text.PWM_Start_HAL
                0x08000ba0       0xe4 ./Core/Src/pwm_hal.o
                0x08000ba0                PWM_Start_HAL
 .text.PWM_Stop_HAL
                0x08000c84       0xbc ./Core/Src/pwm_hal.o
                0x08000c84                PWM_Stop_HAL
 .text.PWM_SetDuty_HAL
                0x08000d40       0x94 ./Core/Src/pwm_hal.o
                0x08000d40                PWM_SetDuty_HAL
 .text.PWM_SetFreq_HAL
                0x08000dd4      0x124 ./Core/Src/pwm_hal.o
                0x08000dd4                PWM_SetFreq_HAL
 .text.HAL_MspInit
                0x08000ef8       0x64 ./Core/Src/stm32f1xx_hal_msp.o
                0x08000ef8                HAL_MspInit
 .text.NMI_Handler
                0x08000f5c        0x8 ./Core/Src/stm32f1xx_it.o
                0x08000f5c                NMI_Handler
 .text.HardFault_Handler
                0x08000f64        0x8 ./Core/Src/stm32f1xx_it.o
                0x08000f64                HardFault_Handler
 .text.MemManage_Handler
                0x08000f6c        0x8 ./Core/Src/stm32f1xx_it.o
                0x08000f6c                MemManage_Handler
 .text.BusFault_Handler
                0x08000f74        0x8 ./Core/Src/stm32f1xx_it.o
                0x08000f74                BusFault_Handler
 .text.UsageFault_Handler
                0x08000f7c        0x8 ./Core/Src/stm32f1xx_it.o
                0x08000f7c                UsageFault_Handler
 .text.SVC_Handler
                0x08000f84        0xc ./Core/Src/stm32f1xx_it.o
                0x08000f84                SVC_Handler
 .text.DebugMon_Handler
                0x08000f90        0xc ./Core/Src/stm32f1xx_it.o
                0x08000f90                DebugMon_Handler
 .text.PendSV_Handler
                0x08000f9c        0xc ./Core/Src/stm32f1xx_it.o
                0x08000f9c                PendSV_Handler
 .text.SysTick_Handler
                0x08000fa8        0xc ./Core/Src/stm32f1xx_it.o
                0x08000fa8                SysTick_Handler
 .text.TIM1_UP_IRQHandler
                0x08000fb4       0x14 ./Core/Src/stm32f1xx_it.o
                0x08000fb4                TIM1_UP_IRQHandler
 .text.USART2_IRQHandler
                0x08000fc8       0x14 ./Core/Src/stm32f1xx_it.o
                0x08000fc8                USART2_IRQHandler
 .text.SystemInit
                0x08000fdc        0xc ./Core/Src/system_stm32f1xx.o
                0x08000fdc                SystemInit
 .text.MX_TIM1_Init
                0x08000fe8      0x120 ./Core/Src/tim.o
                0x08000fe8                MX_TIM1_Init
 .text.HAL_TIM_PWM_MspInit
                0x08001108       0x4c ./Core/Src/tim.o
                0x08001108                HAL_TIM_PWM_MspInit
 .text.HAL_TIM_MspPostInit
                0x08001154       0x9c ./Core/Src/tim.o
                0x08001154                HAL_TIM_MspPostInit
 .text.MX_USART2_UART_Init
                0x080011f0       0x54 ./Core/Src/usart.o
                0x080011f0                MX_USART2_UART_Init
 .text.HAL_UART_MspInit
                0x08001244       0xa4 ./Core/Src/usart.o
                0x08001244                HAL_UART_MspInit
 .text.Reset_Handler
                0x080012e8       0x48 ./Core/Startup/startup_stm32f103c8tx.o
                0x080012e8                Reset_Handler
 .text.Default_Handler
                0x08001330        0x2 ./Core/Startup/startup_stm32f103c8tx.o
                0x08001330                RTC_Alarm_IRQHandler
                0x08001330                EXTI2_IRQHandler
                0x08001330                TIM1_CC_IRQHandler
                0x08001330                PVD_IRQHandler
                0x08001330                EXTI3_IRQHandler
                0x08001330                EXTI0_IRQHandler
                0x08001330                I2C2_EV_IRQHandler
                0x08001330                ADC1_2_IRQHandler
                0x08001330                SPI1_IRQHandler
                0x08001330                TAMPER_IRQHandler
                0x08001330                DMA1_Channel4_IRQHandler
                0x08001330                USART3_IRQHandler
                0x08001330                RTC_IRQHandler
                0x08001330                DMA1_Channel7_IRQHandler
                0x08001330                CAN1_RX1_IRQHandler
                0x08001330                TIM4_IRQHandler
                0x08001330                I2C1_EV_IRQHandler
                0x08001330                DMA1_Channel6_IRQHandler
                0x08001330                TIM3_IRQHandler
                0x08001330                RCC_IRQHandler
                0x08001330                TIM1_TRG_COM_IRQHandler
                0x08001330                DMA1_Channel1_IRQHandler
                0x08001330                Default_Handler
                0x08001330                EXTI15_10_IRQHandler
                0x08001330                EXTI9_5_IRQHandler
                0x08001330                SPI2_IRQHandler
                0x08001330                DMA1_Channel5_IRQHandler
                0x08001330                EXTI4_IRQHandler
                0x08001330                USB_LP_CAN1_RX0_IRQHandler
                0x08001330                USB_HP_CAN1_TX_IRQHandler
                0x08001330                DMA1_Channel3_IRQHandler
                0x08001330                WWDG_IRQHandler
                0x08001330                TIM2_IRQHandler
                0x08001330                TIM1_BRK_IRQHandler
                0x08001330                EXTI1_IRQHandler
                0x08001330                I2C2_ER_IRQHandler
                0x08001330                DMA1_Channel2_IRQHandler
                0x08001330                CAN1_SCE_IRQHandler
                0x08001330                FLASH_IRQHandler
                0x08001330                USART1_IRQHandler
                0x08001330                I2C1_ER_IRQHandler
                0x08001330                USBWakeUp_IRQHandler
 *fill*         0x08001332        0x2 
 .text.HAL_Init
                0x08001334       0x2c ./Drivers/STM32F1xx_HAL_Driver/Src/stm32f1xx_hal.o
                0x08001334                HAL_Init
 .text.HAL_InitTick
                0x08001360       0x60 ./Drivers/STM32F1xx_HAL_Driver/Src/stm32f1xx_hal.o
                0x08001360                HAL_InitTick
 .text.HAL_IncTick
                0x080013c0       0x24 ./Drivers/STM32F1xx_HAL_Driver/Src/stm32f1xx_hal.o
                0x080013c0                HAL_IncTick
 .text.HAL_GetTick
                0x080013e4       0x14 ./Drivers/STM32F1xx_HAL_Driver/Src/stm32f1xx_hal.o
                0x080013e4                HAL_GetTick
 .text.__NVIC_SetPriorityGrouping
                0x080013f8       0x48 ./Drivers/STM32F1xx_HAL_Driver/Src/stm32f1xx_hal_cortex.o
 .text.__NVIC_GetPriorityGrouping
                0x08001440       0x1c ./Drivers/STM32F1xx_HAL_Driver/Src/stm32f1xx_hal_cortex.o
 .text.__NVIC_EnableIRQ
                0x0800145c       0x38 ./Drivers/STM32F1xx_HAL_Driver/Src/stm32f1xx_hal_cortex.o
 .text.__NVIC_SetPriority
                0x08001494       0x54 ./Drivers/STM32F1xx_HAL_Driver/Src/stm32f1xx_hal_cortex.o
 .text.NVIC_EncodePriority
                0x080014e8       0x64 ./Drivers/STM32F1xx_HAL_Driver/Src/stm32f1xx_hal_cortex.o
 .text.SysTick_Config
                0x0800154c       0x44 ./Drivers/STM32F1xx_HAL_Driver/Src/stm32f1xx_hal_cortex.o
 .text.HAL_NVIC_SetPriorityGrouping
                0x08001590       0x16 ./Drivers/STM32F1xx_HAL_Driver/Src/stm32f1xx_hal_cortex.o
                0x08001590                HAL_NVIC_SetPriorityGrouping
 .text.HAL_NVIC_SetPriority
                0x080015a6       0x38 ./Drivers/STM32F1xx_HAL_Driver/Src/stm32f1xx_hal_cortex.o
                0x080015a6                HAL_NVIC_SetPriority
 .text.HAL_NVIC_EnableIRQ
                0x080015de       0x1c ./Drivers/STM32F1xx_HAL_Driver/Src/stm32f1xx_hal_cortex.o
                0x080015de                HAL_NVIC_EnableIRQ
 .text.HAL_SYSTICK_Config
                0x080015fa       0x18 ./Drivers/STM32F1xx_HAL_Driver/Src/stm32f1xx_hal_cortex.o
                0x080015fa                HAL_SYSTICK_Config
 .text.HAL_DMA_Abort
                0x08001612       0x76 ./Drivers/STM32F1xx_HAL_Driver/Src/stm32f1xx_hal_dma.o
                0x08001612                HAL_DMA_Abort
 .text.HAL_DMA_Abort_IT
                0x08001688       0xf0 ./Drivers/STM32F1xx_HAL_Driver/Src/stm32f1xx_hal_dma.o
                0x08001688                HAL_DMA_Abort_IT
 .text.HAL_GPIO_Init
                0x08001778      0x308 ./Drivers/STM32F1xx_HAL_Driver/Src/stm32f1xx_hal_gpio.o
                0x08001778                HAL_GPIO_Init
 .text.HAL_GPIO_ReadPin
                0x08001a80       0x2e ./Drivers/STM32F1xx_HAL_Driver/Src/stm32f1xx_hal_gpio.o
                0x08001a80                HAL_GPIO_ReadPin
 .text.HAL_GPIO_WritePin
                0x08001aae       0x30 ./Drivers/STM32F1xx_HAL_Driver/Src/stm32f1xx_hal_gpio.o
                0x08001aae                HAL_GPIO_WritePin
 *fill*         0x08001ade        0x2 
 .text.HAL_RCC_OscConfig
                0x08001ae0      0x504 ./Drivers/STM32F1xx_HAL_Driver/Src/stm32f1xx_hal_rcc.o
                0x08001ae0                HAL_RCC_OscConfig
 .text.HAL_RCC_ClockConfig
                0x08001fe4      0x1d4 ./Drivers/STM32F1xx_HAL_Driver/Src/stm32f1xx_hal_rcc.o
                0x08001fe4                HAL_RCC_ClockConfig
 .text.HAL_RCC_GetSysClockFreq
                0x080021b8       0xa8 ./Drivers/STM32F1xx_HAL_Driver/Src/stm32f1xx_hal_rcc.o
                0x080021b8                HAL_RCC_GetSysClockFreq
 .text.HAL_RCC_GetHCLKFreq
                0x08002260       0x14 ./Drivers/STM32F1xx_HAL_Driver/Src/stm32f1xx_hal_rcc.o
                0x08002260                HAL_RCC_GetHCLKFreq
 .text.HAL_RCC_GetPCLK1Freq
                0x08002274       0x28 ./Drivers/STM32F1xx_HAL_Driver/Src/stm32f1xx_hal_rcc.o
                0x08002274                HAL_RCC_GetPCLK1Freq
 .text.HAL_RCC_GetPCLK2Freq
                0x0800229c       0x28 ./Drivers/STM32F1xx_HAL_Driver/Src/stm32f1xx_hal_rcc.o
                0x0800229c                HAL_RCC_GetPCLK2Freq
 .text.RCC_Delay
                0x080022c4       0x3c ./Drivers/STM32F1xx_HAL_Driver/Src/stm32f1xx_hal_rcc.o
 .text.HAL_TIM_Base_Start_IT
                0x08002300       0xa4 ./Drivers/STM32F1xx_HAL_Driver/Src/stm32f1xx_hal_tim.o
                0x08002300                HAL_TIM_Base_Start_IT
 .text.HAL_TIM_Base_Stop_IT
                0x080023a4       0x5c ./Drivers/STM32F1xx_HAL_Driver/Src/stm32f1xx_hal_tim.o
                0x080023a4                HAL_TIM_Base_Stop_IT
 .text.HAL_TIM_PWM_Init
                0x08002400       0x9e ./Drivers/STM32F1xx_HAL_Driver/Src/stm32f1xx_hal_tim.o
                0x08002400                HAL_TIM_PWM_Init
 *fill*         0x0800249e        0x2 
 .text.HAL_TIM_PWM_Start
                0x080024a0      0x144 ./Drivers/STM32F1xx_HAL_Driver/Src/stm32f1xx_hal_tim.o
                0x080024a0                HAL_TIM_PWM_Start
 .text.HAL_TIM_PWM_Stop
                0x080025e4       0xc8 ./Drivers/STM32F1xx_HAL_Driver/Src/stm32f1xx_hal_tim.o
                0x080025e4                HAL_TIM_PWM_Stop
 .text.HAL_TIM_IRQHandler
                0x080026ac      0x1e0 ./Drivers/STM32F1xx_HAL_Driver/Src/stm32f1xx_hal_tim.o
                0x080026ac                HAL_TIM_IRQHandler
 .text.HAL_TIM_PWM_ConfigChannel
                0x0800288c      0x184 ./Drivers/STM32F1xx_HAL_Driver/Src/stm32f1xx_hal_tim.o
                0x0800288c                HAL_TIM_PWM_ConfigChannel
 .text.HAL_TIM_OC_DelayElapsedCallback
                0x08002a10       0x12 ./Drivers/STM32F1xx_HAL_Driver/Src/stm32f1xx_hal_tim.o
                0x08002a10                HAL_TIM_OC_DelayElapsedCallback
 .text.HAL_TIM_IC_CaptureCallback
                0x08002a22       0x12 ./Drivers/STM32F1xx_HAL_Driver/Src/stm32f1xx_hal_tim.o
                0x08002a22                HAL_TIM_IC_CaptureCallback
 .text.HAL_TIM_PWM_PulseFinishedCallback
                0x08002a34       0x12 ./Drivers/STM32F1xx_HAL_Driver/Src/stm32f1xx_hal_tim.o
                0x08002a34                HAL_TIM_PWM_PulseFinishedCallback
 .text.HAL_TIM_TriggerCallback
                0x08002a46       0x12 ./Drivers/STM32F1xx_HAL_Driver/Src/stm32f1xx_hal_tim.o
                0x08002a46                HAL_TIM_TriggerCallback
 .text.TIM_Base_SetConfig
                0x08002a58       0xdc ./Drivers/STM32F1xx_HAL_Driver/Src/stm32f1xx_hal_tim.o
                0x08002a58                TIM_Base_SetConfig
 .text.TIM_OC1_SetConfig
                0x08002b34       0xcc ./Drivers/STM32F1xx_HAL_Driver/Src/stm32f1xx_hal_tim.o
 .text.TIM_OC2_SetConfig
                0x08002c00       0xd4 ./Drivers/STM32F1xx_HAL_Driver/Src/stm32f1xx_hal_tim.o
                0x08002c00                TIM_OC2_SetConfig
 .text.TIM_OC3_SetConfig
                0x08002cd4       0xd4 ./Drivers/STM32F1xx_HAL_Driver/Src/stm32f1xx_hal_tim.o
 .text.TIM_OC4_SetConfig
                0x08002da8       0x9c ./Drivers/STM32F1xx_HAL_Driver/Src/stm32f1xx_hal_tim.o
 .text.TIM_CCxChannelCmd
                0x08002e44       0x48 ./Drivers/STM32F1xx_HAL_Driver/Src/stm32f1xx_hal_tim.o
                0x08002e44                TIM_CCxChannelCmd
 .text.HAL_TIMEx_PWMN_Start
                0x08002e8c      0x13c ./Drivers/STM32F1xx_HAL_Driver/Src/stm32f1xx_hal_tim_ex.o
                0x08002e8c                HAL_TIMEx_PWMN_Start
 .text.HAL_TIMEx_PWMN_Stop
                0x08002fc8       0xba ./Drivers/STM32F1xx_HAL_Driver/Src/stm32f1xx_hal_tim_ex.o
                0x08002fc8                HAL_TIMEx_PWMN_Stop
 *fill*         0x08003082        0x2 
 .text.HAL_TIMEx_MasterConfigSynchronization
                0x08003084       0xbc ./Drivers/STM32F1xx_HAL_Driver/Src/stm32f1xx_hal_tim_ex.o
                0x08003084                HAL_TIMEx_MasterConfigSynchronization
 .text.HAL_TIMEx_ConfigBreakDeadTime
                0x08003140       0xa2 ./Drivers/STM32F1xx_HAL_Driver/Src/stm32f1xx_hal_tim_ex.o
                0x08003140                HAL_TIMEx_ConfigBreakDeadTime
 .text.HAL_TIMEx_CommutCallback
                0x080031e2       0x12 ./Drivers/STM32F1xx_HAL_Driver/Src/stm32f1xx_hal_tim_ex.o
                0x080031e2                HAL_TIMEx_CommutCallback
 .text.HAL_TIMEx_BreakCallback
                0x080031f4       0x12 ./Drivers/STM32F1xx_HAL_Driver/Src/stm32f1xx_hal_tim_ex.o
                0x080031f4                HAL_TIMEx_BreakCallback
 .text.TIM_CCxNChannelCmd
                0x08003206       0x48 ./Drivers/STM32F1xx_HAL_Driver/Src/stm32f1xx_hal_tim_ex.o
 .text.HAL_UART_Init
                0x0800324e       0xa0 ./Drivers/STM32F1xx_HAL_Driver/Src/stm32f1xx_hal_uart.o
                0x0800324e                HAL_UART_Init
 .text.HAL_UART_Receive_IT
                0x080032ee       0x4a ./Drivers/STM32F1xx_HAL_Driver/Src/stm32f1xx_hal_uart.o
                0x080032ee                HAL_UART_Receive_IT
 .text.HAL_UART_IRQHandler
                0x08003338      0x524 ./Drivers/STM32F1xx_HAL_Driver/Src/stm32f1xx_hal_uart.o
                0x08003338                HAL_UART_IRQHandler
 .text.HAL_UART_TxCpltCallback
                0x0800385c       0x12 ./Drivers/STM32F1xx_HAL_Driver/Src/stm32f1xx_hal_uart.o
                0x0800385c                HAL_UART_TxCpltCallback
 .text.HAL_UART_ErrorCallback
                0x0800386e       0x12 ./Drivers/STM32F1xx_HAL_Driver/Src/stm32f1xx_hal_uart.o
                0x0800386e                HAL_UART_ErrorCallback
 .text.HAL_UARTEx_RxEventCallback
                0x08003880       0x16 ./Drivers/STM32F1xx_HAL_Driver/Src/stm32f1xx_hal_uart.o
                0x08003880                HAL_UARTEx_RxEventCallback
 .text.UART_Start_Receive_IT
                0x08003896       0x72 ./Drivers/STM32F1xx_HAL_Driver/Src/stm32f1xx_hal_uart.o
                0x08003896                UART_Start_Receive_IT
 .text.UART_EndRxTransfer
                0x08003908       0xc4 ./Drivers/STM32F1xx_HAL_Driver/Src/stm32f1xx_hal_uart.o
 .text.UART_DMAAbortOnError
                0x080039cc       0x28 ./Drivers/STM32F1xx_HAL_Driver/Src/stm32f1xx_hal_uart.o
 .text.UART_Transmit_IT
                0x080039f4       0x9e ./Drivers/STM32F1xx_HAL_Driver/Src/stm32f1xx_hal_uart.o
 .text.UART_EndTransmit_IT
                0x08003a92       0x30 ./Drivers/STM32F1xx_HAL_Driver/Src/stm32f1xx_hal_uart.o
 .text.UART_Receive_IT
                0x08003ac2      0x17c ./Drivers/STM32F1xx_HAL_Driver/Src/stm32f1xx_hal_uart.o
 *fill*         0x08003c3e        0x2 
 .text.UART_SetConfig
                0x08003c40      0x11c ./Drivers/STM32F1xx_HAL_Driver/Src/stm32f1xx_hal_uart.o
 .text.memset   0x08003d5c       0x10 C:/ST/STM32CubeIDE_1.19.0/STM32CubeIDE/plugins/com.st.stm32cube.ide.mcu.externaltools.gnu-tools-for-stm32.13.3.rel1.win32_1.0.0.202411081344/tools/bin/../lib/gcc/arm-none-eabi/13.3.1/../../../../arm-none-eabi/lib/thumb/v7-m/nofp\libc_nano.a(libc_a-memset.o)
                0x08003d5c                memset
 .text.__libc_init_array
                0x08003d6c       0x48 C:/ST/STM32CubeIDE_1.19.0/STM32CubeIDE/plugins/com.st.stm32cube.ide.mcu.externaltools.gnu-tools-for-stm32.13.3.rel1.win32_1.0.0.202411081344/tools/bin/../lib/gcc/arm-none-eabi/13.3.1/../../../../arm-none-eabi/lib/thumb/v7-m/nofp\libc_nano.a(libc_a-init.o)
                0x08003d6c                __libc_init_array
 *(.glue_7)
 .glue_7        0x08003db4        0x0 linker stubs
 *(.glue_7t)
 .glue_7t       0x08003db4        0x0 linker stubs
 *(.eh_frame)
 .eh_frame      0x08003db4        0x0 C:/ST/STM32CubeIDE_1.19.0/STM32CubeIDE/plugins/com.st.stm32cube.ide.mcu.externaltools.gnu-tools-for-stm32.13.3.rel1.win32_1.0.0.202411081344/tools/bin/../lib/gcc/arm-none-eabi/13.3.1/thumb/v7-m/nofp/crtbegin.o
 *(.init)
 .init          0x08003db4        0x4 C:/ST/STM32CubeIDE_1.19.0/STM32CubeIDE/plugins/com.st.stm32cube.ide.mcu.externaltools.gnu-tools-for-stm32.13.3.rel1.win32_1.0.0.202411081344/tools/bin/../lib/gcc/arm-none-eabi/13.3.1/thumb/v7-m/nofp/crti.o
                0x08003db4                _init
 .init          0x08003db8        0x8 C:/ST/STM32CubeIDE_1.19.0/STM32CubeIDE/plugins/com.st.stm32cube.ide.mcu.externaltools.gnu-tools-for-stm32.13.3.rel1.win32_1.0.0.202411081344/tools/bin/../lib/gcc/arm-none-eabi/13.3.1/thumb/v7-m/nofp/crtn.o
 *(.fini)
 .fini          0x08003dc0        0x4 C:/ST/STM32CubeIDE_1.19.0/STM32CubeIDE/plugins/com.st.stm32cube.ide.mcu.externaltools.gnu-tools-for-stm32.13.3.rel1.win32_1.0.0.202411081344/tools/bin/../lib/gcc/arm-none-eabi/13.3.1/thumb/v7-m/nofp/crti.o
                0x08003dc0                _fini
 .fini          0x08003dc4        0x8 C:/ST/STM32CubeIDE_1.19.0/STM32CubeIDE/plugins/com.st.stm32cube.ide.mcu.externaltools.gnu-tools-for-stm32.13.3.rel1.win32_1.0.0.202411081344/tools/bin/../lib/gcc/arm-none-eabi/13.3.1/thumb/v7-m/nofp/crtn.o
                0x08003dcc                        . = ALIGN (0x4)
                0x08003dcc                        _etext = .

.vfp11_veneer   0x08003dcc        0x0
 .vfp11_veneer  0x08003dcc        0x0 linker stubs

.v4_bx          0x08003dcc        0x0
 .v4_bx         0x08003dcc        0x0 linker stubs

.iplt           0x08003dcc        0x0
 .iplt          0x08003dcc        0x0 C:/ST/STM32CubeIDE_1.19.0/STM32CubeIDE/plugins/com.st.stm32cube.ide.mcu.externaltools.gnu-tools-for-stm32.13.3.rel1.win32_1.0.0.202411081344/tools/bin/../lib/gcc/arm-none-eabi/13.3.1/thumb/v7-m/nofp/crtbegin.o

.rodata         0x08003dcc       0x2c
                0x08003dcc                        . = ALIGN (0x4)
 *(.rodata)
 *(.rodata*)
 .rodata.AHBPrescTable
                0x08003dcc       0x10 ./Core/Src/system_stm32f1xx.o
                0x08003dcc                AHBPrescTable
 .rodata.APBPrescTable
                0x08003ddc        0x8 ./Core/Src/system_stm32f1xx.o
                0x08003ddc                APBPrescTable
 .rodata.aPLLMULFactorTable.1
                0x08003de4       0x10 ./Drivers/STM32F1xx_HAL_Driver/Src/stm32f1xx_hal_rcc.o
 .rodata.aPredivFactorTable.0
                0x08003df4        0x2 ./Drivers/STM32F1xx_HAL_Driver/Src/stm32f1xx_hal_rcc.o
                0x08003df8                        . = ALIGN (0x4)
 *fill*         0x08003df6        0x2 

.ARM.extab      0x08003df8        0x0
                0x08003df8                        . = ALIGN (0x4)
 *(.ARM.extab* .gnu.linkonce.armextab.*)
                0x08003df8                        . = ALIGN (0x4)

.ARM            0x08003df8        0x0
                0x08003df8                        . = ALIGN (0x4)
                0x08003df8                        __exidx_start = .
 *(.ARM.exidx*)
                0x08003df8                        __exidx_end = .
                0x08003df8                        . = ALIGN (0x4)

.preinit_array  0x08003df8        0x0
                0x08003df8                        . = ALIGN (0x4)
                0x08003df8                        PROVIDE (__preinit_array_start = .)
 *(.preinit_array*)
                0x08003df8                        PROVIDE (__preinit_array_end = .)
                0x08003df8                        . = ALIGN (0x4)

.init_array     0x08003df8        0x4
                0x08003df8                        . = ALIGN (0x4)
                0x08003df8                        PROVIDE (__init_array_start = .)
 *(SORT_BY_NAME(.init_array.*))
 *(.init_array*)
 .init_array    0x08003df8        0x4 C:/ST/STM32CubeIDE_1.19.0/STM32CubeIDE/plugins/com.st.stm32cube.ide.mcu.externaltools.gnu-tools-for-stm32.13.3.rel1.win32_1.0.0.202411081344/tools/bin/../lib/gcc/arm-none-eabi/13.3.1/thumb/v7-m/nofp/crtbegin.o
                0x08003dfc                        PROVIDE (__init_array_end = .)
                0x08003dfc                        . = ALIGN (0x4)

.fini_array     0x08003dfc        0x4
                0x08003dfc                        . = ALIGN (0x4)
                [!provide]                        PROVIDE (__fini_array_start = .)
 *(SORT_BY_NAME(.fini_array.*))
 *(.fini_array*)
 .fini_array    0x08003dfc        0x4 C:/ST/STM32CubeIDE_1.19.0/STM32CubeIDE/plugins/com.st.stm32cube.ide.mcu.externaltools.gnu-tools-for-stm32.13.3.rel1.win32_1.0.0.202411081344/tools/bin/../lib/gcc/arm-none-eabi/13.3.1/thumb/v7-m/nofp/crtbegin.o
                [!provide]                        PROVIDE (__fini_array_end = .)
                0x08003e00                        . = ALIGN (0x4)
                0x08003e00                        _sidata = LOADADDR (.data)

.rel.dyn        0x08003e00        0x0
 .rel.iplt      0x08003e00        0x0 C:/ST/STM32CubeIDE_1.19.0/STM32CubeIDE/plugins/com.st.stm32cube.ide.mcu.externaltools.gnu-tools-for-stm32.13.3.rel1.win32_1.0.0.202411081344/tools/bin/../lib/gcc/arm-none-eabi/13.3.1/thumb/v7-m/nofp/crtbegin.o

.data           0x20000000        0xc load address 0x08003e00
                0x20000000                        . = ALIGN (0x4)
                0x20000000                        _sdata = .
 *(.data)
 *(.data*)
 .data.SystemCoreClock
                0x20000000        0x4 ./Core/Src/system_stm32f1xx.o
                0x20000000                SystemCoreClock
 .data.uwTickPrio
                0x20000004        0x4 ./Drivers/STM32F1xx_HAL_Driver/Src/stm32f1xx_hal.o
                0x20000004                uwTickPrio
 .data.uwTickFreq
                0x20000008        0x1 ./Drivers/STM32F1xx_HAL_Driver/Src/stm32f1xx_hal.o
                0x20000008                uwTickFreq
 *(.RamFunc)
 *(.RamFunc*)
                0x2000000c                        . = ALIGN (0x4)
 *fill*         0x20000009        0x3 
                0x2000000c                        _edata = .

.igot.plt       0x2000000c        0x0 load address 0x08003e0c
 .igot.plt      0x2000000c        0x0 C:/ST/STM32CubeIDE_1.19.0/STM32CubeIDE/plugins/com.st.stm32cube.ide.mcu.externaltools.gnu-tools-for-stm32.13.3.rel1.win32_1.0.0.202411081344/tools/bin/../lib/gcc/arm-none-eabi/13.3.1/thumb/v7-m/nofp/crtbegin.o
                0x2000000c                        . = ALIGN (0x4)

.bss            0x2000000c       0xc4 load address 0x08003e0c
                0x2000000c                        _sbss = .
                0x2000000c                        __bss_start__ = _sbss
 *(.bss)
 .bss           0x2000000c       0x1c C:/ST/STM32CubeIDE_1.19.0/STM32CubeIDE/plugins/com.st.stm32cube.ide.mcu.externaltools.gnu-tools-for-stm32.13.3.rel1.win32_1.0.0.202411081344/tools/bin/../lib/gcc/arm-none-eabi/13.3.1/thumb/v7-m/nofp/crtbegin.o
 *(.bss*)
 .bss.rx_byte   0x20000028        0x1 ./Core/Src/main.o
                0x20000028                rx_byte
 .bss.rx_state  0x20000029        0x1 ./Core/Src/main.o
                0x20000029                rx_state
 .bss.cmd_type  0x2000002a        0x1 ./Core/Src/main.o
                0x2000002a                cmd_type
 *fill*         0x2000002b        0x1 
 .bss.data_buf  0x2000002c        0x4 ./Core/Src/main.o
                0x2000002c                data_buf
 .bss.data_idx  0x20000030        0x1 ./Core/Src/main.o
                0x20000030                data_idx
 .bss.system_enable
                0x20000031        0x1 ./Core/Src/main.o
                0x20000031                system_enable
 .bss.pulse_mode_active
                0x20000032        0x1 ./Core/Src/pulse_control_hal.o
 *fill*         0x20000033        0x1 
 .bss.pulse_count
                0x20000034        0x4 ./Core/Src/pulse_control_hal.o
 .bss.pulse_target
                0x20000038        0x4 ./Core/Src/pulse_control_hal.o
 .bss.htim1     0x2000003c       0x48 ./Core/Src/tim.o
                0x2000003c                htim1
 .bss.huart2    0x20000084       0x48 ./Core/Src/usart.o
                0x20000084                huart2
 .bss.uwTick    0x200000cc        0x4 ./Drivers/STM32F1xx_HAL_Driver/Src/stm32f1xx_hal.o
                0x200000cc                uwTick
 *(COMMON)
                0x200000d0                        . = ALIGN (0x4)
                0x200000d0                        _ebss = .
                0x200000d0                        __bss_end__ = _ebss

._user_heap_stack
                0x200000d0      0x600 load address 0x08003e0c
                0x200000d0                        . = ALIGN (0x8)
                [!provide]                        PROVIDE (end = .)
                0x200000d0                        PROVIDE (_end = .)
                0x200002d0                        . = (. + _Min_Heap_Size)
 *fill*         0x200000d0      0x200 
                0x200006d0                        . = (. + _Min_Stack_Size)
 *fill*         0x200002d0      0x400 
                0x200006d0                        . = ALIGN (0x8)

/DISCARD/
 libc.a(*)
 libm.a(*)
 libgcc.a(*)

.ARM.attributes
                0x00000000       0x29
 *(.ARM.attributes)
 .ARM.attributes
                0x00000000       0x1d C:/ST/STM32CubeIDE_1.19.0/STM32CubeIDE/plugins/com.st.stm32cube.ide.mcu.externaltools.gnu-tools-for-stm32.13.3.rel1.win32_1.0.0.202411081344/tools/bin/../lib/gcc/arm-none-eabi/13.3.1/thumb/v7-m/nofp/crti.o
 .ARM.attributes
                0x0000001d       0x2d C:/ST/STM32CubeIDE_1.19.0/STM32CubeIDE/plugins/com.st.stm32cube.ide.mcu.externaltools.gnu-tools-for-stm32.13.3.rel1.win32_1.0.0.202411081344/tools/bin/../lib/gcc/arm-none-eabi/13.3.1/thumb/v7-m/nofp/crtbegin.o
 .ARM.attributes
                0x0000004a       0x2d ./Core/Src/gear_switch_hal.o
 .ARM.attributes
                0x00000077       0x2d ./Core/Src/gpio.o
 .ARM.attributes
                0x000000a4       0x2d ./Core/Src/main.o
 .ARM.attributes
                0x000000d1       0x2d ./Core/Src/pulse_control_hal.o
 .ARM.attributes
                0x000000fe       0x2d ./Core/Src/pwm_hal.o
 .ARM.attributes
                0x0000012b       0x2d ./Core/Src/stm32f1xx_hal_msp.o
 .ARM.attributes
                0x00000158       0x2d ./Core/Src/stm32f1xx_it.o
 .ARM.attributes
                0x00000185       0x2d ./Core/Src/system_stm32f1xx.o
 .ARM.attributes
                0x000001b2       0x2d ./Core/Src/tim.o
 .ARM.attributes
                0x000001df       0x2d ./Core/Src/usart.o
 .ARM.attributes
                0x0000020c       0x21 ./Core/Startup/startup_stm32f103c8tx.o
 .ARM.attributes
                0x0000022d       0x2d ./Drivers/STM32F1xx_HAL_Driver/Src/stm32f1xx_hal.o
 .ARM.attributes
                0x0000025a       0x2d ./Drivers/STM32F1xx_HAL_Driver/Src/stm32f1xx_hal_cortex.o
 .ARM.attributes
                0x00000287       0x2d ./Drivers/STM32F1xx_HAL_Driver/Src/stm32f1xx_hal_dma.o
 .ARM.attributes
                0x000002b4       0x2d ./Drivers/STM32F1xx_HAL_Driver/Src/stm32f1xx_hal_gpio.o
 .ARM.attributes
                0x000002e1       0x2d ./Drivers/STM32F1xx_HAL_Driver/Src/stm32f1xx_hal_rcc.o
 .ARM.attributes
                0x0000030e       0x2d ./Drivers/STM32F1xx_HAL_Driver/Src/stm32f1xx_hal_tim.o
 .ARM.attributes
                0x0000033b       0x2d ./Drivers/STM32F1xx_HAL_Driver/Src/stm32f1xx_hal_tim_ex.o
 .ARM.attributes
                0x00000368       0x2d ./Drivers/STM32F1xx_HAL_Driver/Src/stm32f1xx_hal_uart.o
 .ARM.attributes
                0x00000395       0x2d C:/ST/STM32CubeIDE_1.19.0/STM32CubeIDE/plugins/com.st.stm32cube.ide.mcu.externaltools.gnu-tools-for-stm32.13.3.rel1.win32_1.0.0.202411081344/tools/bin/../lib/gcc/arm-none-eabi/13.3.1/../../../../arm-none-eabi/lib/thumb/v7-m/nofp\libc_nano.a(libc_a-memset.o)
 .ARM.attributes
                0x000003c2       0x2d C:/ST/STM32CubeIDE_1.19.0/STM32CubeIDE/plugins/com.st.stm32cube.ide.mcu.externaltools.gnu-tools-for-stm32.13.3.rel1.win32_1.0.0.202411081344/tools/bin/../lib/gcc/arm-none-eabi/13.3.1/../../../../arm-none-eabi/lib/thumb/v7-m/nofp\libc_nano.a(libc_a-init.o)
 .ARM.attributes
                0x000003ef       0x1d C:/ST/STM32CubeIDE_1.19.0/STM32CubeIDE/plugins/com.st.stm32cube.ide.mcu.externaltools.gnu-tools-for-stm32.13.3.rel1.win32_1.0.0.202411081344/tools/bin/../lib/gcc/arm-none-eabi/13.3.1/thumb/v7-m/nofp\libgcc.a(_arm_addsubsf3.o)
 .ARM.attributes
                0x0000040c       0x1d C:/ST/STM32CubeIDE_1.19.0/STM32CubeIDE/plugins/com.st.stm32cube.ide.mcu.externaltools.gnu-tools-for-stm32.13.3.rel1.win32_1.0.0.202411081344/tools/bin/../lib/gcc/arm-none-eabi/13.3.1/thumb/v7-m/nofp\libgcc.a(_arm_muldivsf3.o)
 .ARM.attributes
                0x00000429       0x1d C:/ST/STM32CubeIDE_1.19.0/STM32CubeIDE/plugins/com.st.stm32cube.ide.mcu.externaltools.gnu-tools-for-stm32.13.3.rel1.win32_1.0.0.202411081344/tools/bin/../lib/gcc/arm-none-eabi/13.3.1/thumb/v7-m/nofp\libgcc.a(_arm_cmpsf2.o)
 .ARM.attributes
                0x00000446       0x1d C:/ST/STM32CubeIDE_1.19.0/STM32CubeIDE/plugins/com.st.stm32cube.ide.mcu.externaltools.gnu-tools-for-stm32.13.3.rel1.win32_1.0.0.202411081344/tools/bin/../lib/gcc/arm-none-eabi/13.3.1/thumb/v7-m/nofp\libgcc.a(_arm_fixunssfsi.o)
 .ARM.attributes
                0x00000463       0x1d C:/ST/STM32CubeIDE_1.19.0/STM32CubeIDE/plugins/com.st.stm32cube.ide.mcu.externaltools.gnu-tools-for-stm32.13.3.rel1.win32_1.0.0.202411081344/tools/bin/../lib/gcc/arm-none-eabi/13.3.1/thumb/v7-m/nofp/crtn.o
OUTPUT(USART_HMI_gearh_pulse.elf elf32-littlearm)
LOAD linker stubs
LOAD C:/ST/STM32CubeIDE_1.19.0/STM32CubeIDE/plugins/com.st.stm32cube.ide.mcu.externaltools.gnu-tools-for-stm32.13.3.rel1.win32_1.0.0.202411081344/tools/bin/../lib/gcc/arm-none-eabi/13.3.1/../../../../arm-none-eabi/lib/thumb/v7-m/nofp\libc.a
LOAD C:/ST/STM32CubeIDE_1.19.0/STM32CubeIDE/plugins/com.st.stm32cube.ide.mcu.externaltools.gnu-tools-for-stm32.13.3.rel1.win32_1.0.0.202411081344/tools/bin/../lib/gcc/arm-none-eabi/13.3.1/../../../../arm-none-eabi/lib/thumb/v7-m/nofp\libm.a
LOAD C:/ST/STM32CubeIDE_1.19.0/STM32CubeIDE/plugins/com.st.stm32cube.ide.mcu.externaltools.gnu-tools-for-stm32.13.3.rel1.win32_1.0.0.202411081344/tools/bin/../lib/gcc/arm-none-eabi/13.3.1/thumb/v7-m/nofp\libgcc.a

.debug_info     0x00000000     0xd5c4
 .debug_info    0x00000000      0x18f ./Core/Src/gear_switch_hal.o
 .debug_info    0x0000018f      0x292 ./Core/Src/gpio.o
 .debug_info    0x00000421      0xc5f ./Core/Src/main.o
 .debug_info    0x00001080      0x709 ./Core/Src/pulse_control_hal.o
 .debug_info    0x00001789      0x8d0 ./Core/Src/pwm_hal.o
 .debug_info    0x00002059      0x1f1 ./Core/Src/stm32f1xx_hal_msp.o
 .debug_info    0x0000224a      0x94c ./Core/Src/stm32f1xx_it.o
 .debug_info    0x00002b96      0x222 ./Core/Src/system_stm32f1xx.o
 .debug_info    0x00002db8      0xbf4 ./Core/Src/tim.o
 .debug_info    0x000039ac      0x92a ./Core/Src/usart.o
 .debug_info    0x000042d6       0x30 ./Core/Startup/startup_stm32f103c8tx.o
 .debug_info    0x00004306      0x704 ./Drivers/STM32F1xx_HAL_Driver/Src/stm32f1xx_hal.o
 .debug_info    0x00004a0a      0xa87 ./Drivers/STM32F1xx_HAL_Driver/Src/stm32f1xx_hal_cortex.o
 .debug_info    0x00005491      0x6d2 ./Drivers/STM32F1xx_HAL_Driver/Src/stm32f1xx_hal_dma.o
 .debug_info    0x00005b63      0x5ab ./Drivers/STM32F1xx_HAL_Driver/Src/stm32f1xx_hal_gpio.o
 .debug_info    0x0000610e      0x7d5 ./Drivers/STM32F1xx_HAL_Driver/Src/stm32f1xx_hal_rcc.o
 .debug_info    0x000068e3     0x2959 ./Drivers/STM32F1xx_HAL_Driver/Src/stm32f1xx_hal_tim.o
 .debug_info    0x0000923c     0x149b ./Drivers/STM32F1xx_HAL_Driver/Src/stm32f1xx_hal_tim_ex.o
 .debug_info    0x0000a6d7     0x2eed ./Drivers/STM32F1xx_HAL_Driver/Src/stm32f1xx_hal_uart.o

.debug_abbrev   0x00000000     0x2450
 .debug_abbrev  0x00000000       0xe4 ./Core/Src/gear_switch_hal.o
 .debug_abbrev  0x000000e4      0x122 ./Core/Src/gpio.o
 .debug_abbrev  0x00000206      0x2c7 ./Core/Src/main.o
 .debug_abbrev  0x000004cd      0x1e9 ./Core/Src/pulse_control_hal.o
 .debug_abbrev  0x000006b6      0x209 ./Core/Src/pwm_hal.o
 .debug_abbrev  0x000008bf       0xdb ./Core/Src/stm32f1xx_hal_msp.o
 .debug_abbrev  0x0000099a      0x19b ./Core/Src/stm32f1xx_it.o
 .debug_abbrev  0x00000b35      0x13f ./Core/Src/system_stm32f1xx.o
 .debug_abbrev  0x00000c74      0x241 ./Core/Src/tim.o
 .debug_abbrev  0x00000eb5      0x205 ./Core/Src/usart.o
 .debug_abbrev  0x000010ba       0x24 ./Core/Startup/startup_stm32f103c8tx.o
 .debug_abbrev  0x000010de      0x201 ./Drivers/STM32F1xx_HAL_Driver/Src/stm32f1xx_hal.o
 .debug_abbrev  0x000012df      0x2f8 ./Drivers/STM32F1xx_HAL_Driver/Src/stm32f1xx_hal_cortex.o
 .debug_abbrev  0x000015d7      0x20b ./Drivers/STM32F1xx_HAL_Driver/Src/stm32f1xx_hal_dma.o
 .debug_abbrev  0x000017e2      0x1ca ./Drivers/STM32F1xx_HAL_Driver/Src/stm32f1xx_hal_gpio.o
 .debug_abbrev  0x000019ac      0x2b3 ./Drivers/STM32F1xx_HAL_Driver/Src/stm32f1xx_hal_rcc.o
 .debug_abbrev  0x00001c5f      0x277 ./Drivers/STM32F1xx_HAL_Driver/Src/stm32f1xx_hal_tim.o
 .debug_abbrev  0x00001ed6      0x282 ./Drivers/STM32F1xx_HAL_Driver/Src/stm32f1xx_hal_tim_ex.o
 .debug_abbrev  0x00002158      0x2f8 ./Drivers/STM32F1xx_HAL_Driver/Src/stm32f1xx_hal_uart.o

.debug_aranges  0x00000000      0xcc0
 .debug_aranges
                0x00000000       0x20 ./Core/Src/gear_switch_hal.o
 .debug_aranges
                0x00000020       0x20 ./Core/Src/gpio.o
 .debug_aranges
                0x00000040       0x40 ./Core/Src/main.o
 .debug_aranges
                0x00000080       0x38 ./Core/Src/pulse_control_hal.o
 .debug_aranges
                0x000000b8       0x38 ./Core/Src/pwm_hal.o
 .debug_aranges
                0x000000f0       0x20 ./Core/Src/stm32f1xx_hal_msp.o
 .debug_aranges
                0x00000110       0x70 ./Core/Src/stm32f1xx_it.o
 .debug_aranges
                0x00000180       0x28 ./Core/Src/system_stm32f1xx.o
 .debug_aranges
                0x000001a8       0x38 ./Core/Src/tim.o
 .debug_aranges
                0x000001e0       0x30 ./Core/Src/usart.o
 .debug_aranges
                0x00000210       0x28 ./Core/Startup/startup_stm32f103c8tx.o
 .debug_aranges
                0x00000238       0xe0 ./Drivers/STM32F1xx_HAL_Driver/Src/stm32f1xx_hal.o
 .debug_aranges
                0x00000318      0x100 ./Drivers/STM32F1xx_HAL_Driver/Src/stm32f1xx_hal_cortex.o
 .debug_aranges
                0x00000418       0x80 ./Drivers/STM32F1xx_HAL_Driver/Src/stm32f1xx_hal_dma.o
 .debug_aranges
                0x00000498       0x58 ./Drivers/STM32F1xx_HAL_Driver/Src/stm32f1xx_hal_gpio.o
 .debug_aranges
                0x000004f0       0x90 ./Drivers/STM32F1xx_HAL_Driver/Src/stm32f1xx_hal_rcc.o
 .debug_aranges
                0x00000580      0x3d0 ./Drivers/STM32F1xx_HAL_Driver/Src/stm32f1xx_hal_tim.o
 .debug_aranges
                0x00000950      0x168 ./Drivers/STM32F1xx_HAL_Driver/Src/stm32f1xx_hal_tim_ex.o
 .debug_aranges
                0x00000ab8      0x208 ./Drivers/STM32F1xx_HAL_Driver/Src/stm32f1xx_hal_uart.o

.debug_rnglists
                0x00000000      0x9e6
 .debug_rnglists
                0x00000000       0x13 ./Core/Src/gear_switch_hal.o
 .debug_rnglists
                0x00000013       0x14 ./Core/Src/gpio.o
 .debug_rnglists
                0x00000027       0x2d ./Core/Src/main.o
 .debug_rnglists
                0x00000054       0x25 ./Core/Src/pulse_control_hal.o
 .debug_rnglists
                0x00000079       0x29 ./Core/Src/pwm_hal.o
 .debug_rnglists
                0x000000a2       0x13 ./Core/Src/stm32f1xx_hal_msp.o
 .debug_rnglists
                0x000000b5       0x4f ./Core/Src/stm32f1xx_it.o
 .debug_rnglists
                0x00000104       0x1a ./Core/Src/system_stm32f1xx.o
 .debug_rnglists
                0x0000011e       0x27 ./Core/Src/tim.o
 .debug_rnglists
                0x00000145       0x20 ./Core/Src/usart.o
 .debug_rnglists
                0x00000165       0x19 ./Core/Startup/startup_stm32f103c8tx.o
 .debug_rnglists
                0x0000017e       0xa3 ./Drivers/STM32F1xx_HAL_Driver/Src/stm32f1xx_hal.o
 .debug_rnglists
                0x00000221       0xbb ./Drivers/STM32F1xx_HAL_Driver/Src/stm32f1xx_hal_cortex.o
 .debug_rnglists
                0x000002dc       0x64 ./Drivers/STM32F1xx_HAL_Driver/Src/stm32f1xx_hal_dma.o
 .debug_rnglists
                0x00000340       0x3f ./Drivers/STM32F1xx_HAL_Driver/Src/stm32f1xx_hal_gpio.o
 .debug_rnglists
                0x0000037f       0x6c ./Drivers/STM32F1xx_HAL_Driver/Src/stm32f1xx_hal_rcc.o
 .debug_rnglists
                0x000003eb      0x31a ./Drivers/STM32F1xx_HAL_Driver/Src/stm32f1xx_hal_tim.o
 .debug_rnglists
                0x00000705      0x125 ./Drivers/STM32F1xx_HAL_Driver/Src/stm32f1xx_hal_tim_ex.o
 .debug_rnglists
                0x0000082a      0x1bc ./Drivers/STM32F1xx_HAL_Driver/Src/stm32f1xx_hal_uart.o

.debug_macro    0x00000000    0x181f7
 .debug_macro   0x00000000      0x1b7 ./Core/Src/gear_switch_hal.o
 .debug_macro   0x000001b7      0xacc ./Core/Src/gear_switch_hal.o
 .debug_macro   0x00000c83      0x21b ./Core/Src/gear_switch_hal.o
 .debug_macro   0x00000e9e       0x2e ./Core/Src/gear_switch_hal.o
 .debug_macro   0x00000ecc       0x22 ./Core/Src/gear_switch_hal.o
 .debug_macro   0x00000eee       0x22 ./Core/Src/gear_switch_hal.o
 .debug_macro   0x00000f10       0x8e ./Core/Src/gear_switch_hal.o
 .debug_macro   0x00000f9e       0x51 ./Core/Src/gear_switch_hal.o
 .debug_macro   0x00000fef      0x103 ./Core/Src/gear_switch_hal.o
 .debug_macro   0x000010f2       0x6a ./Core/Src/gear_switch_hal.o
 .debug_macro   0x0000115c      0x1df ./Core/Src/gear_switch_hal.o
 .debug_macro   0x0000133b       0x1c ./Core/Src/gear_switch_hal.o
 .debug_macro   0x00001357       0x22 ./Core/Src/gear_switch_hal.o
 .debug_macro   0x00001379       0xbd ./Core/Src/gear_switch_hal.o
 .debug_macro   0x00001436      0xd23 ./Core/Src/gear_switch_hal.o
 .debug_macro   0x00002159     0xe09e ./Core/Src/gear_switch_hal.o
 .debug_macro   0x000101f7       0x6d ./Core/Src/gear_switch_hal.o
 .debug_macro   0x00010264     0x34a2 ./Core/Src/gear_switch_hal.o
 .debug_macro   0x00013706      0x190 ./Core/Src/gear_switch_hal.o
 .debug_macro   0x00013896       0x5c ./Core/Src/gear_switch_hal.o
 .debug_macro   0x000138f2      0x5bc ./Core/Src/gear_switch_hal.o
 .debug_macro   0x00013eae      0x289 ./Core/Src/gear_switch_hal.o
 .debug_macro   0x00014137      0x1cb ./Core/Src/gear_switch_hal.o
 .debug_macro   0x00014302      0x114 ./Core/Src/gear_switch_hal.o
 .debug_macro   0x00014416      0x1b2 ./Core/Src/gear_switch_hal.o
 .debug_macro   0x000145c8       0x27 ./Core/Src/gear_switch_hal.o
 .debug_macro   0x000145ef      0x136 ./Core/Src/gear_switch_hal.o
 .debug_macro   0x00014725      0x1bc ./Core/Src/gear_switch_hal.o
 .debug_macro   0x000148e1       0x34 ./Core/Src/gear_switch_hal.o
 .debug_macro   0x00014915       0x3c ./Core/Src/gear_switch_hal.o
 .debug_macro   0x00014951       0x57 ./Core/Src/gear_switch_hal.o
 .debug_macro   0x000149a8       0x87 ./Core/Src/gear_switch_hal.o
 .debug_macro   0x00014a2f      0x240 ./Core/Src/gear_switch_hal.o
 .debug_macro   0x00014c6f      0x140 ./Core/Src/gear_switch_hal.o
 .debug_macro   0x00014daf      0x8ed ./Core/Src/gear_switch_hal.o
 .debug_macro   0x0001569c      0x28e ./Core/Src/gear_switch_hal.o
 .debug_macro   0x0001592a       0x83 ./Core/Src/gear_switch_hal.o
 .debug_macro   0x000159ad      0x1b7 ./Core/Src/gpio.o
 .debug_macro   0x00015b64      0x304 ./Core/Src/main.o
 .debug_macro   0x00015e68       0x61 ./Core/Src/main.o
 .debug_macro   0x00015ec9       0x24 ./Core/Src/main.o
 .debug_macro   0x00015eed       0x43 ./Core/Src/main.o
 .debug_macro   0x00015f30       0x34 ./Core/Src/main.o
 .debug_macro   0x00015f64       0x16 ./Core/Src/main.o
 .debug_macro   0x00015f7a       0x3c ./Core/Src/main.o
 .debug_macro   0x00015fb6      0x370 ./Core/Src/main.o
 .debug_macro   0x00016326       0x10 ./Core/Src/main.o
 .debug_macro   0x00016336       0x16 ./Core/Src/main.o
 .debug_macro   0x0001634c       0x4a ./Core/Src/main.o
 .debug_macro   0x00016396       0x34 ./Core/Src/main.o
 .debug_macro   0x000163ca       0x10 ./Core/Src/main.o
 .debug_macro   0x000163da       0x58 ./Core/Src/main.o
 .debug_macro   0x00016432       0x8e ./Core/Src/main.o
 .debug_macro   0x000164c0       0x1c ./Core/Src/main.o
 .debug_macro   0x000164dc      0x185 ./Core/Src/main.o
 .debug_macro   0x00016661       0x16 ./Core/Src/main.o
 .debug_macro   0x00016677       0x16 ./Core/Src/main.o
 .debug_macro   0x0001668d      0x146 ./Core/Src/main.o
 .debug_macro   0x000167d3       0x2e ./Core/Src/main.o
 .debug_macro   0x00016801       0x16 ./Core/Src/main.o
 .debug_macro   0x00016817       0x20 ./Core/Src/main.o
 .debug_macro   0x00016837      0x1cb ./Core/Src/pulse_control_hal.o
 .debug_macro   0x00016a02      0x1c5 ./Core/Src/pwm_hal.o
 .debug_macro   0x00016bc7      0x1ad ./Core/Src/stm32f1xx_hal_msp.o
 .debug_macro   0x00016d74      0x1b7 ./Core/Src/stm32f1xx_it.o
 .debug_macro   0x00016f2b      0x1a3 ./Core/Src/system_stm32f1xx.o
 .debug_macro   0x000170ce      0x1b7 ./Core/Src/tim.o
 .debug_macro   0x00017285      0x1b7 ./Core/Src/usart.o
 .debug_macro   0x0001743c      0x1c7 ./Drivers/STM32F1xx_HAL_Driver/Src/stm32f1xx_hal.o
 .debug_macro   0x00017603      0x1a3 ./Drivers/STM32F1xx_HAL_Driver/Src/stm32f1xx_hal_cortex.o
 .debug_macro   0x000177a6      0x1a3 ./Drivers/STM32F1xx_HAL_Driver/Src/stm32f1xx_hal_dma.o
 .debug_macro   0x00017949      0x20e ./Drivers/STM32F1xx_HAL_Driver/Src/stm32f1xx_hal_gpio.o
 .debug_macro   0x00017b57      0x1b5 ./Drivers/STM32F1xx_HAL_Driver/Src/stm32f1xx_hal_rcc.o
 .debug_macro   0x00017d0c      0x1a4 ./Drivers/STM32F1xx_HAL_Driver/Src/stm32f1xx_hal_tim.o
 .debug_macro   0x00017eb0      0x1a3 ./Drivers/STM32F1xx_HAL_Driver/Src/stm32f1xx_hal_tim_ex.o
 .debug_macro   0x00018053      0x1a4 ./Drivers/STM32F1xx_HAL_Driver/Src/stm32f1xx_hal_uart.o

.debug_line     0x00000000     0xfbf9
 .debug_line    0x00000000      0x719 ./Core/Src/gear_switch_hal.o
 .debug_line    0x00000719      0x708 ./Core/Src/gpio.o
 .debug_line    0x00000e21      0xa8d ./Core/Src/main.o
 .debug_line    0x000018ae      0x7af ./Core/Src/pulse_control_hal.o
 .debug_line    0x0000205d      0x850 ./Core/Src/pwm_hal.o
 .debug_line    0x000028ad      0x6fd ./Core/Src/stm32f1xx_hal_msp.o
 .debug_line    0x00002faa      0x7db ./Core/Src/stm32f1xx_it.o
 .debug_line    0x00003785      0x77b ./Core/Src/system_stm32f1xx.o
 .debug_line    0x00003f00      0x7f6 ./Core/Src/tim.o
 .debug_line    0x000046f6      0x773 ./Core/Src/usart.o
 .debug_line    0x00004e69       0x78 ./Core/Startup/startup_stm32f103c8tx.o
 .debug_line    0x00004ee1      0x9ac ./Drivers/STM32F1xx_HAL_Driver/Src/stm32f1xx_hal.o
 .debug_line    0x0000588d      0xb76 ./Drivers/STM32F1xx_HAL_Driver/Src/stm32f1xx_hal_cortex.o
 .debug_line    0x00006403      0xdb6 ./Drivers/STM32F1xx_HAL_Driver/Src/stm32f1xx_hal_dma.o
 .debug_line    0x000071b9      0xa09 ./Drivers/STM32F1xx_HAL_Driver/Src/stm32f1xx_hal_gpio.o
 .debug_line    0x00007bc2      0xe65 ./Drivers/STM32F1xx_HAL_Driver/Src/stm32f1xx_hal_rcc.o
 .debug_line    0x00008a27     0x349a ./Drivers/STM32F1xx_HAL_Driver/Src/stm32f1xx_hal_tim.o
 .debug_line    0x0000bec1     0x1870 ./Drivers/STM32F1xx_HAL_Driver/Src/stm32f1xx_hal_tim_ex.o
 .debug_line    0x0000d731     0x24c8 ./Drivers/STM32F1xx_HAL_Driver/Src/stm32f1xx_hal_uart.o

.debug_str      0x00000000    0x8a431
 .debug_str     0x00000000    0x8a431 ./Core/Src/gear_switch_hal.o
                              0x837a7 (size before relaxing)
 .debug_str     0x0008a431    0x837bf ./Core/Src/gpio.o
 .debug_str     0x0008a431    0x87a27 ./Core/Src/main.o
 .debug_str     0x0008a431    0x83d20 ./Core/Src/pulse_control_hal.o
 .debug_str     0x0008a431    0x83d9e ./Core/Src/pwm_hal.o
 .debug_str     0x0008a431    0x83783 ./Core/Src/stm32f1xx_hal_msp.o
 .debug_str     0x0008a431    0x83edc ./Core/Src/stm32f1xx_it.o
 .debug_str     0x0008a431    0x837ae ./Core/Src/system_stm32f1xx.o
 .debug_str     0x0008a431    0x841e4 ./Core/Src/tim.o
 .debug_str     0x0008a431    0x83f5e ./Core/Src/usart.o
 .debug_str     0x0008a431       0x8f ./Core/Startup/startup_stm32f103c8tx.o
 .debug_str     0x0008a431    0x83ee1 ./Drivers/STM32F1xx_HAL_Driver/Src/stm32f1xx_hal.o
 .debug_str     0x0008a431    0x83e2d ./Drivers/STM32F1xx_HAL_Driver/Src/stm32f1xx_hal_cortex.o
 .debug_str     0x0008a431    0x83b57 ./Drivers/STM32F1xx_HAL_Driver/Src/stm32f1xx_hal_dma.o
 .debug_str     0x0008a431    0x83b34 ./Drivers/STM32F1xx_HAL_Driver/Src/stm32f1xx_hal_gpio.o
 .debug_str     0x0008a431    0x83bdd ./Drivers/STM32F1xx_HAL_Driver/Src/stm32f1xx_hal_rcc.o
 .debug_str     0x0008a431    0x84bdf ./Drivers/STM32F1xx_HAL_Driver/Src/stm32f1xx_hal_tim.o
 .debug_str     0x0008a431    0x843eb ./Drivers/STM32F1xx_HAL_Driver/Src/stm32f1xx_hal_tim_ex.o
 .debug_str     0x0008a431    0x8424e ./Drivers/STM32F1xx_HAL_Driver/Src/stm32f1xx_hal_uart.o

.comment        0x00000000       0x43
 .comment       0x00000000       0x43 ./Core/Src/gear_switch_hal.o
                                 0x44 (size before relaxing)
 .comment       0x00000043       0x44 ./Core/Src/gpio.o
 .comment       0x00000043       0x44 ./Core/Src/main.o
 .comment       0x00000043       0x44 ./Core/Src/pulse_control_hal.o
 .comment       0x00000043       0x44 ./Core/Src/pwm_hal.o
 .comment       0x00000043       0x44 ./Core/Src/stm32f1xx_hal_msp.o
 .comment       0x00000043       0x44 ./Core/Src/stm32f1xx_it.o
 .comment       0x00000043       0x44 ./Core/Src/system_stm32f1xx.o
 .comment       0x00000043       0x44 ./Core/Src/tim.o
 .comment       0x00000043       0x44 ./Core/Src/usart.o
 .comment       0x00000043       0x44 ./Drivers/STM32F1xx_HAL_Driver/Src/stm32f1xx_hal.o
 .comment       0x00000043       0x44 ./Drivers/STM32F1xx_HAL_Driver/Src/stm32f1xx_hal_cortex.o
 .comment       0x00000043       0x44 ./Drivers/STM32F1xx_HAL_Driver/Src/stm32f1xx_hal_dma.o
 .comment       0x00000043       0x44 ./Drivers/STM32F1xx_HAL_Driver/Src/stm32f1xx_hal_gpio.o
 .comment       0x00000043       0x44 ./Drivers/STM32F1xx_HAL_Driver/Src/stm32f1xx_hal_rcc.o
 .comment       0x00000043       0x44 ./Drivers/STM32F1xx_HAL_Driver/Src/stm32f1xx_hal_tim.o
 .comment       0x00000043       0x44 ./Drivers/STM32F1xx_HAL_Driver/Src/stm32f1xx_hal_tim_ex.o
 .comment       0x00000043       0x44 ./Drivers/STM32F1xx_HAL_Driver/Src/stm32f1xx_hal_uart.o

.debug_frame    0x00000000     0x34d8
 .debug_frame   0x00000000       0x2c ./Core/Src/gear_switch_hal.o
 .debug_frame   0x0000002c       0x34 ./Core/Src/gpio.o
 .debug_frame   0x00000060       0xb0 ./Core/Src/main.o
 .debug_frame   0x00000110       0x8c ./Core/Src/pulse_control_hal.o
 .debug_frame   0x0000019c       0xa4 ./Core/Src/pwm_hal.o
 .debug_frame   0x00000240       0x38 ./Core/Src/stm32f1xx_hal_msp.o
 .debug_frame   0x00000278      0x13c ./Core/Src/stm32f1xx_it.o
 .debug_frame   0x000003b4       0x58 ./Core/Src/system_stm32f1xx.o
 .debug_frame   0x0000040c       0xa0 ./Core/Src/tim.o
 .debug_frame   0x000004ac       0x74 ./Core/Src/usart.o
 .debug_frame   0x00000520      0x334 ./Drivers/STM32F1xx_HAL_Driver/Src/stm32f1xx_hal.o
 .debug_frame   0x00000854      0x428 ./Drivers/STM32F1xx_HAL_Driver/Src/stm32f1xx_hal_cortex.o
 .debug_frame   0x00000c7c      0x208 ./Drivers/STM32F1xx_HAL_Driver/Src/stm32f1xx_hal_dma.o
 .debug_frame   0x00000e84      0x14c ./Drivers/STM32F1xx_HAL_Driver/Src/stm32f1xx_hal_gpio.o
 .debug_frame   0x00000fd0      0x218 ./Drivers/STM32F1xx_HAL_Driver/Src/stm32f1xx_hal_rcc.o
 .debug_frame   0x000011e8     0x11b8 ./Drivers/STM32F1xx_HAL_Driver/Src/stm32f1xx_hal_tim.o
 .debug_frame   0x000023a0      0x638 ./Drivers/STM32F1xx_HAL_Driver/Src/stm32f1xx_hal_tim_ex.o
 .debug_frame   0x000029d8      0x944 ./Drivers/STM32F1xx_HAL_Driver/Src/stm32f1xx_hal_uart.o
 .debug_frame   0x0000331c       0x20 C:/ST/STM32CubeIDE_1.19.0/STM32CubeIDE/plugins/com.st.stm32cube.ide.mcu.externaltools.gnu-tools-for-stm32.13.3.rel1.win32_1.0.0.202411081344/tools/bin/../lib/gcc/arm-none-eabi/13.3.1/../../../../arm-none-eabi/lib/thumb/v7-m/nofp\libc_nano.a(libc_a-memset.o)
 .debug_frame   0x0000333c       0x2c C:/ST/STM32CubeIDE_1.19.0/STM32CubeIDE/plugins/com.st.stm32cube.ide.mcu.externaltools.gnu-tools-for-stm32.13.3.rel1.win32_1.0.0.202411081344/tools/bin/../lib/gcc/arm-none-eabi/13.3.1/../../../../arm-none-eabi/lib/thumb/v7-m/nofp\libc_nano.a(libc_a-init.o)
 .debug_frame   0x00003368       0x4c C:/ST/STM32CubeIDE_1.19.0/STM32CubeIDE/plugins/com.st.stm32cube.ide.mcu.externaltools.gnu-tools-for-stm32.13.3.rel1.win32_1.0.0.202411081344/tools/bin/../lib/gcc/arm-none-eabi/13.3.1/thumb/v7-m/nofp\libgcc.a(_arm_addsubsf3.o)
 .debug_frame   0x000033b4       0x38 C:/ST/STM32CubeIDE_1.19.0/STM32CubeIDE/plugins/com.st.stm32cube.ide.mcu.externaltools.gnu-tools-for-stm32.13.3.rel1.win32_1.0.0.202411081344/tools/bin/../lib/gcc/arm-none-eabi/13.3.1/thumb/v7-m/nofp\libgcc.a(_arm_muldivsf3.o)
 .debug_frame   0x000033ec       0xc8 C:/ST/STM32CubeIDE_1.19.0/STM32CubeIDE/plugins/com.st.stm32cube.ide.mcu.externaltools.gnu-tools-for-stm32.13.3.rel1.win32_1.0.0.202411081344/tools/bin/../lib/gcc/arm-none-eabi/13.3.1/thumb/v7-m/nofp\libgcc.a(_arm_cmpsf2.o)
 .debug_frame   0x000034b4       0x24 C:/ST/STM32CubeIDE_1.19.0/STM32CubeIDE/plugins/com.st.stm32cube.ide.mcu.externaltools.gnu-tools-for-stm32.13.3.rel1.win32_1.0.0.202411081344/tools/bin/../lib/gcc/arm-none-eabi/13.3.1/thumb/v7-m/nofp\libgcc.a(_arm_fixunssfsi.o)

.debug_line_str
                0x00000000       0x73
 .debug_line_str
                0x00000000       0x73 ./Core/Startup/startup_stm32f103c8tx.o
